=== MOEA/D (n=50) on shared test data ===
Loading instances from paretofront/shared_test_50.pkl
MOEA/D: 101 weight vectors, n_gen=500, T=3
Evaluating on 1000 instances
  Instance 1/1000
  Instance 10/1000
  Instance 20/1000
  Instance 30/1000
  Instance 40/1000
  Instance 50/1000
  Instance 60/1000
  Instance 70/1000
  Instance 80/1000
  Instance 90/1000
  Instance 100/1000
  Instance 110/1000
  Instance 120/1000
  Instance 130/1000
  Instance 140/1000
  Instance 150/1000
  Instance 160/1000
  Instance 170/1000
  Instance 180/1000
  Instance 190/1000
  Instance 200/1000
  Instance 210/1000
  Instance 220/1000
  Instance 230/1000
  Instance 240/1000
  Instance 250/1000
  Instance 260/1000
  Instance 270/1000
  Instance 280/1000
  Instance 290/1000
  Instance 300/1000
  Instance 310/1000
  Instance 320/1000
  Instance 330/1000
  Instance 340/1000
  Instance 350/1000
  Instance 360/1000
  Instance 370/1000
  Instance 380/1000
  Instance 390/1000
  Instance 400/1000
  Instance 410/1000
  Instance 420/1000
  Instance 430/1000
  Instance 440/1000
  Instance 450/1000
  Instance 460/1000
  Instance 470/1000
  Instance 480/1000
  Instance 490/1000
  Instance 500/1000
  Instance 510/1000
  Instance 520/1000
  Instance 530/1000
  Instance 540/1000
  Instance 550/1000
  Instance 560/1000
  Instance 570/1000
  Instance 580/1000
  Instance 590/1000
  Instance 600/1000
  Instance 610/1000
  Instance 620/1000
  Instance 630/1000
  Instance 640/1000
  Instance 650/1000
  Instance 660/1000
  Instance 670/1000
  Instance 680/1000
  Instance 690/1000
  Instance 700/1000
  Instance 710/1000
  Instance 720/1000
  Instance 730/1000
  Instance 740/1000
  Instance 750/1000
  Instance 760/1000
  Instance 770/1000
  Instance 780/1000
  Instance 790/1000
  Instance 800/1000
  Instance 810/1000
  Instance 820/1000
  Instance 830/1000
  Instance 840/1000
  Instance 850/1000
  Instance 860/1000
  Instance 870/1000
  Instance 880/1000
  Instance 890/1000
  Instance 900/1000
  Instance 910/1000
  Instance 920/1000
  Instance 930/1000
  Instance 940/1000
  Instance 950/1000
  Instance 960/1000
  Instance 970/1000
  Instance 980/1000
  Instance 990/1000
  Instance 1000/1000

======================================================================
  MOEA/D Results | n=50 | 1000 instances | 21050.0s
        λ₁    λ₂       f₁ (Distance)        f₂ (Waiting)
----------------------------------------------------------------------
    0.0    1.0   2893.65 ± 232.70        0.02 ± 0.38    
    0.0    1.0   2858.49 ± 222.35        0.87 ± 1.40    
    0.0    1.0   2838.24 ± 216.95        2.50 ± 2.86    
    0.0    1.0   2815.82 ± 213.24        4.39 ± 3.90    
    0.0    1.0   2804.15 ± 210.54        6.14 ± 4.98    
    0.1    0.9   2791.60 ± 207.02        7.98 ± 6.03    
    0.1    0.9   2778.96 ± 204.14       10.11 ± 6.88    
    0.1    0.9   2770.80 ± 203.53       12.00 ± 7.49    
    0.1    0.9   2762.40 ± 201.09       13.67 ± 8.49    
    0.1    0.9   2752.57 ± 198.58       15.64 ± 9.16    
    0.1    0.9   2745.77 ± 197.92       17.34 ± 9.60    
    0.1    0.9   2740.79 ± 196.95       18.75 ± 10.16   
    0.1    0.9   2732.60 ± 195.31       20.22 ± 10.68   
    0.1    0.9   2726.86 ± 194.92       22.13 ± 11.42   
    0.1    0.9   2723.60 ± 194.55       24.09 ± 11.87   
    0.1    0.8   2717.12 ± 193.14       25.47 ± 12.45   
    0.2    0.8   2711.40 ± 192.14       26.90 ± 13.16   
    0.2    0.8   2707.76 ± 191.98       28.39 ± 13.66   
    0.2    0.8   2704.08 ± 191.20       29.50 ± 14.15   
    0.2    0.8   2699.15 ± 191.07       30.92 ± 14.70   
    0.2    0.8   2695.80 ± 191.21       32.22 ± 15.07   
    0.2    0.8   2693.55 ± 191.37       33.58 ± 15.54   
    0.2    0.8   2687.48 ± 190.27       34.79 ± 16.12   
    0.2    0.8   2684.78 ± 190.06       36.38 ± 16.60   
    0.2    0.8   2682.07 ± 189.68       37.58 ± 17.02   
    0.2    0.8   2679.54 ± 189.63       38.53 ± 17.55   
    0.3    0.7   2675.17 ± 189.10       39.83 ± 18.14   
    0.3    0.7   2671.93 ± 189.20       41.49 ± 18.59   
    0.3    0.7   2670.33 ± 189.21       43.70 ± 19.46   
    0.3    0.7   2667.77 ± 188.72       44.45 ± 20.06   
    0.3    0.7   2664.74 ± 188.09       45.68 ± 20.65   
    0.3    0.7   2663.40 ± 187.87       46.67 ± 21.11   
    0.3    0.7   2659.61 ± 187.35       47.93 ± 21.17   
    0.3    0.7   2656.55 ± 187.15       49.21 ± 21.94   
    0.3    0.7   2655.30 ± 187.21       51.41 ± 22.56   
    0.3    0.7   2652.62 ± 186.77       52.31 ± 23.16   
    0.4    0.6   2650.45 ± 186.75       53.35 ± 23.74   
    0.4    0.6   2649.72 ± 187.07       54.33 ± 24.39   
    0.4    0.6   2645.85 ± 186.67       55.21 ± 24.70   
    0.4    0.6   2643.75 ± 187.04       56.23 ± 25.33   
    0.4    0.6   2642.30 ± 186.24       58.06 ± 25.86   
    0.4    0.6   2640.70 ± 185.88       58.88 ± 26.22   
    0.4    0.6   2638.81 ± 186.15       59.97 ± 26.64   
    0.4    0.6   2638.06 ± 185.93       61.26 ± 26.87   
    0.4    0.6   2634.40 ± 185.38       63.08 ± 27.97   
    0.5    0.6   2631.72 ± 185.05       65.12 ± 29.18   
    0.5    0.5   2630.63 ± 184.91       67.61 ± 30.26   
    0.5    0.5   2628.56 ± 184.71       68.51 ± 30.61   
    0.5    0.5   2626.41 ± 184.57       69.41 ± 31.00   
    0.5    0.5   2625.29 ± 184.43       70.64 ± 31.25   
    0.5    0.5   2623.69 ± 184.45       71.56 ± 31.77   
    0.5    0.5   2622.34 ± 184.58       73.04 ± 32.44   
    0.5    0.5   2620.64 ± 184.60       74.48 ± 32.70   
    0.5    0.5   2619.99 ± 184.72       75.85 ± 33.31   
    0.5    0.5   2616.22 ± 184.53       77.90 ± 34.02   
    0.6    0.4   2613.82 ± 183.38       79.56 ± 34.71   
    0.6    0.4   2612.99 ± 183.70       82.29 ± 35.48   
    0.6    0.4   2611.40 ± 183.50       83.26 ± 35.95   
    0.6    0.4   2609.97 ± 183.35       84.57 ± 36.25   
    0.6    0.4   2608.53 ± 183.25       85.96 ± 37.20   
    0.6    0.4   2607.13 ± 183.07       87.27 ± 37.86   
    0.6    0.4   2605.75 ± 182.79       88.57 ± 38.26   
    0.6    0.4   2604.61 ± 182.82       90.48 ± 38.77   
    0.6    0.4   2603.08 ± 182.75       92.30 ± 39.57   
    0.6    0.4   2601.41 ± 183.01       93.53 ± 39.88   
    0.7    0.3   2601.00 ± 182.78       94.75 ± 40.59   
    0.7    0.3   2598.17 ± 182.36       96.59 ± 41.91   
    0.7    0.3   2596.77 ± 182.26       98.61 ± 42.05   
    0.7    0.3   2596.45 ± 182.92      103.12 ± 43.58   
    0.7    0.3   2594.74 ± 182.43      104.99 ± 45.34   
    0.7    0.3   2593.13 ± 182.50      106.88 ± 46.08   
    0.7    0.3   2592.05 ± 182.67      108.84 ± 46.90   
    0.7    0.3   2590.74 ± 182.46      110.96 ± 47.76   
    0.7    0.3   2589.34 ± 182.23      113.65 ± 49.04   
    0.7    0.3   2588.07 ± 182.39      115.68 ± 48.95   
    0.8    0.2   2586.75 ± 182.72      117.97 ± 49.93   
    0.8    0.2   2585.34 ± 182.63      120.31 ± 51.64   
    0.8    0.2   2583.75 ± 182.88      123.60 ± 52.93   
    0.8    0.2   2583.20 ± 183.00      125.62 ± 54.16   
    0.8    0.2   2580.61 ± 182.66      128.73 ± 55.72   
    0.8    0.2   2578.58 ± 182.54      132.94 ± 57.74   
    0.8    0.2   2577.92 ± 182.75      138.61 ± 59.47   
    0.8    0.2   2576.42 ± 182.65      140.36 ± 60.28   
    0.8    0.2   2575.06 ± 182.41      143.19 ± 61.82   
    0.8    0.2   2573.50 ± 182.58      147.95 ± 63.92   
    0.8    0.2   2571.96 ± 182.69      150.97 ± 64.97   
    0.9    0.1   2570.83 ± 183.13      154.33 ± 66.28   
    0.9    0.1   2569.29 ± 182.96      159.05 ± 68.98   
    0.9    0.1   2568.00 ± 182.96      163.96 ± 70.85   
    0.9    0.1   2566.59 ± 182.88      167.91 ± 72.21   
    0.9    0.1   2565.85 ± 182.88      172.50 ± 74.07   
    0.9    0.1   2563.42 ± 182.79      179.30 ± 76.79   
    0.9    0.1   2561.91 ± 183.18      187.01 ± 79.20   
    0.9    0.1   2561.87 ± 183.44      199.32 ± 81.51   
    0.9    0.1   2560.50 ± 183.45      203.44 ± 83.88   
    0.9    0.1   2559.14 ± 183.32      209.11 ± 85.84   
    1.0    0.0   2558.66 ± 183.22      215.92 ± 87.90   
    1.0    0.0   2558.06 ± 183.37      221.91 ± 90.14   
    1.0    0.0   2557.95 ± 183.35      227.22 ± 94.34   
    1.0    0.0   2558.21 ± 183.62      231.22 ± 95.19   
    1.0    0.0   2558.76 ± 183.64      235.06 ± 96.47   
======================================================================

Hypervolume Indicator: 147829.73
Reference point: f₁=3183.02, f₂=258.57

Results saved to paretofront/moead_results_50_exp1.pkl
Text results saved to paretofront/moead_results_50_exp1.txt
