=== DRL Pareto Inference (n=50) on shared test data ===
调用AttentionModel
Model loaded from outputs/agh_50/run_20260225T160526/epoch-99.pt
Dataset: 1000 instances, graph_size=50

Running inference with 11 weight vectors...
Weight vectors:   0%|          | 0/11 [00:00<?, ?it/s]Weight vectors:   9%|▉         | 1/11 [00:05<00:53,  5.37s/it]Weight vectors:  18%|█▊        | 2/11 [00:10<00:46,  5.15s/it]Weight vectors:  27%|██▋       | 3/11 [00:15<00:40,  5.06s/it]Weight vectors:  36%|███▋      | 4/11 [00:20<00:35,  5.00s/it]Weight vectors:  45%|████▌     | 5/11 [00:25<00:29,  4.95s/it]Weight vectors:  55%|█████▍    | 6/11 [00:29<00:24,  4.91s/it]Weight vectors:  64%|██████▎   | 7/11 [00:34<00:19,  4.86s/it]Weight vectors:  73%|███████▎  | 8/11 [00:39<00:14,  4.81s/it]Weight vectors:  82%|████████▏ | 9/11 [00:44<00:09,  4.75s/it]Weight vectors:  91%|█████████ | 10/11 [00:48<00:04,  4.67s/it]Weight vectors: 100%|██████████| 11/11 [00:52<00:00,  4.56s/it]Weight vectors: 100%|██████████| 11/11 [00:52<00:00,  4.80s/it]
  λ=[0.0, 1.0] → f₁=3637.56 ± 284.21, f₂=0.09 ± 1.17
  λ=[0.1, 0.9] → f₁=3568.03 ± 280.65, f₂=0.17 ± 1.73
  λ=[0.2, 0.8] → f₁=3505.72 ± 271.80, f₂=0.44 ± 2.54
  λ=[0.3, 0.7] → f₁=3457.50 ± 267.74, f₂=1.04 ± 4.20
  λ=[0.4, 0.6] → f₁=3411.59 ± 264.55, f₂=1.56 ± 4.97
  λ=[0.5, 0.5] → f₁=3365.93 ± 260.37, f₂=2.81 ± 7.37
  λ=[0.6, 0.4] → f₁=3308.75 ± 257.60, f₂=4.92 ± 9.92
  λ=[0.7, 0.3] → f₁=3249.84 ± 245.63, f₂=8.48 ± 13.26
  λ=[0.8, 0.2] → f₁=3161.37 ± 238.50, f₂=20.07 ± 23.91
  λ=[0.9, 0.1] → f₁=3036.91 ± 230.27, f₂=59.56 ± 45.80
  λ=[1.0, 0.0] → f₁=2964.56 ± 230.77, f₂=126.91 ± 73.03
Pareto front saved to /gpfs/home4/ltan/HHC/visualization/../paretofront/pareto_front_50_exp1.png
Pareto front saved to outputs/agh_50/run_20260225T160526/pareto_front_50_exp1.png
Results saved to /gpfs/home4/ltan/HHC/visualization/../paretofront/pareto_results_50_exp1.pkl

======================================================================
    λ₁     λ₂    f₁ (Distance)     f₂ (Waiting)
----------------------------------------------------------------------
   0.0    1.0      3637.56 ± 284.21     0.09 ± 1.17  
   0.1    0.9      3568.03 ± 280.65     0.17 ± 1.73  
   0.2    0.8      3505.72 ± 271.80     0.44 ± 2.54  
   0.3    0.7      3457.50 ± 267.74     1.04 ± 4.20  
   0.4    0.6      3411.59 ± 264.55     1.56 ± 4.97  
   0.5    0.5      3365.93 ± 260.37     2.81 ± 7.37  
   0.6    0.4      3308.75 ± 257.60     4.92 ± 9.92  
   0.7    0.3      3249.84 ± 245.63     8.48 ± 13.26 
   0.8    0.2      3161.37 ± 238.50    20.07 ± 23.91 
   0.9    0.1      3036.91 ± 230.27    59.56 ± 45.80 
   1.0    0.0      2964.56 ± 230.77   126.91 ± 73.03 
======================================================================
