=== MOEA/D (n=100) on shared test data ===
Loading instances from paretofront/shared_test_100.pkl
MOEA/D: 101 weight vectors, n_gen=500, T=3
Evaluating on 1000 instances
  Instance 1/1000
  Instance 10/1000
  Instance 20/1000
  Instance 30/1000
  Instance 40/1000
  Instance 50/1000
  Instance 60/1000
  Instance 70/1000
  Instance 80/1000
  Instance 90/1000
  Instance 100/1000
  Instance 110/1000
  Instance 120/1000
  Instance 130/1000
  Instance 140/1000
  Instance 150/1000
  Instance 160/1000
  Instance 170/1000
  Instance 180/1000
  Instance 190/1000
  Instance 200/1000
  Instance 210/1000
  Instance 220/1000
  Instance 230/1000
  Instance 240/1000
  Instance 250/1000
  Instance 260/1000
  Instance 270/1000
  Instance 280/1000
  Instance 290/1000
  Instance 300/1000
  Instance 310/1000
  Instance 320/1000
  Instance 330/1000
  Instance 340/1000
  Instance 350/1000
  Instance 360/1000
  Instance 370/1000
  Instance 380/1000
  Instance 390/1000
  Instance 400/1000
  Instance 410/1000
  Instance 420/1000
  Instance 430/1000
  Instance 440/1000
  Instance 450/1000
  Instance 460/1000
  Instance 470/1000
  Instance 480/1000
  Instance 490/1000
  Instance 500/1000
  Instance 510/1000
  Instance 520/1000
  Instance 530/1000
  Instance 540/1000
  Instance 550/1000
  Instance 560/1000
  Instance 570/1000
  Instance 580/1000
  Instance 590/1000
  Instance 600/1000
  Instance 610/1000
  Instance 620/1000
  Instance 630/1000
  Instance 640/1000
  Instance 650/1000
  Instance 660/1000
  Instance 670/1000
  Instance 680/1000
  Instance 690/1000
  Instance 700/1000
  Instance 710/1000
  Instance 720/1000
  Instance 730/1000
  Instance 740/1000
  Instance 750/1000
  Instance 760/1000
  Instance 770/1000
  Instance 780/1000
  Instance 790/1000
  Instance 800/1000
  Instance 810/1000
  Instance 820/1000
  Instance 830/1000
  Instance 840/1000
  Instance 850/1000
  Instance 860/1000
  Instance 870/1000
  Instance 880/1000
  Instance 890/1000
  Instance 900/1000
  Instance 910/1000
  Instance 920/1000
  Instance 930/1000
  Instance 940/1000
  Instance 950/1000
  Instance 960/1000
  Instance 970/1000
  Instance 980/1000
  Instance 990/1000
  Instance 1000/1000

======================================================================
  MOEA/D Results | n=100 | 1000 instances | 37446.8s
        λ₁    λ₂       f₁ (Distance)        f₂ (Waiting)
----------------------------------------------------------------------
    0.0    1.0   5954.61 ± 506.22        0.03 ± 0.30    
    0.0    1.0   5707.23 ± 362.51        4.31 ± 3.28    
    0.0    1.0   5646.62 ± 346.59        9.10 ± 5.87    
    0.0    1.0   5579.62 ± 328.12       14.11 ± 7.62    
    0.0    1.0   5544.93 ± 321.53       18.44 ± 9.37    
    0.1    0.9   5505.48 ± 316.03       23.63 ± 10.36   
    0.1    0.9   5469.64 ± 310.26       27.78 ± 11.70   
    0.1    0.9   5449.14 ± 307.52       31.69 ± 12.38   
    0.1    0.9   5431.95 ± 304.47       34.99 ± 13.72   
    0.1    0.9   5404.50 ± 301.00       38.61 ± 14.76   
    0.1    0.9   5390.09 ± 299.30       41.91 ± 16.08   
    0.1    0.9   5378.90 ± 295.31       45.26 ± 17.96   
    0.1    0.9   5357.58 ± 292.44       48.27 ± 19.05   
    0.1    0.9   5342.81 ± 290.35       51.85 ± 20.08   
    0.1    0.9   5334.93 ± 290.04       55.76 ± 21.27   
    0.1    0.8   5317.59 ± 288.61       58.47 ± 22.10   
    0.2    0.8   5304.88 ± 287.95       61.59 ± 23.49   
    0.2    0.8   5296.83 ± 287.31       64.69 ± 24.45   
    0.2    0.8   5289.93 ± 286.29       66.91 ± 25.60   
    0.2    0.8   5276.06 ± 285.76       69.32 ± 26.64   
    0.2    0.8   5269.88 ± 284.04       71.85 ± 27.70   
    0.2    0.8   5266.27 ± 283.66       74.80 ± 28.99   
    0.2    0.8   5251.73 ± 281.35       77.25 ± 30.08   
    0.2    0.8   5246.87 ± 280.83       80.09 ± 30.68   
    0.2    0.8   5242.18 ± 280.37       82.97 ± 31.57   
    0.2    0.8   5237.42 ± 280.31       84.46 ± 32.40   
    0.3    0.7   5227.04 ± 280.62       87.30 ± 33.38   
    0.3    0.7   5220.19 ± 279.80       90.97 ± 35.02   
    0.3    0.7   5218.64 ± 279.78       96.51 ± 36.09   
    0.3    0.7   5211.73 ± 278.84       98.30 ± 37.25   
    0.3    0.7   5205.87 ± 279.51       99.97 ± 38.13   
    0.3    0.7   5206.06 ± 279.72      101.71 ± 39.35   
    0.3    0.7   5194.55 ± 278.91      105.71 ± 40.77   
    0.3    0.7   5188.07 ± 278.18      108.35 ± 41.47   
    0.3    0.7   5186.58 ± 278.63      113.92 ± 44.11   
    0.3    0.7   5180.85 ± 277.50      115.31 ± 44.81   
    0.4    0.6   5176.74 ± 276.98      117.06 ± 44.88   
    0.4    0.6   5175.77 ± 277.39      119.29 ± 46.41   
    0.4    0.6   5165.97 ± 276.68      121.06 ± 46.72   
    0.4    0.6   5159.65 ± 276.95      124.84 ± 47.18   
    0.4    0.6   5158.41 ± 277.17      130.09 ± 49.04   
    0.4    0.6   5153.73 ± 276.25      131.38 ± 49.76   
    0.4    0.6   5149.52 ± 276.47      133.34 ± 50.86   
    0.4    0.6   5149.02 ± 276.01      135.16 ± 51.71   
    0.4    0.6   5138.49 ± 275.07      138.62 ± 52.24   
    0.5    0.6   5133.29 ± 275.28      141.91 ± 53.41   
    0.5    0.5   5132.74 ± 275.29      147.33 ± 55.11   
    0.5    0.5   5128.58 ± 275.15      148.78 ± 56.00   
    0.5    0.5   5125.26 ± 274.90      150.55 ± 56.81   
    0.5    0.5   5121.99 ± 273.96      153.56 ± 58.40   
    0.5    0.5   5118.95 ± 273.89      157.05 ± 60.20   
    0.5    0.5   5116.18 ± 273.67      159.91 ± 61.28   
    0.5    0.5   5112.96 ± 274.78      162.52 ± 61.22   
    0.5    0.5   5112.80 ± 275.18      165.54 ± 62.89   
    0.5    0.5   5102.66 ± 275.19      168.82 ± 64.35   
    0.6    0.4   5097.59 ± 274.19      172.59 ± 66.04   
    0.6    0.4   5096.24 ± 274.30      180.43 ± 68.72   
    0.6    0.4   5092.11 ± 274.50      181.55 ± 69.56   
    0.6    0.4   5088.58 ± 275.20      183.96 ± 70.25   
    0.6    0.4   5085.73 ± 274.65      187.12 ± 71.30   
    0.6    0.4   5082.91 ± 275.01      190.42 ± 72.82   
    0.6    0.4   5080.21 ± 274.43      193.50 ± 74.96   
    0.6    0.4   5077.56 ± 275.68      196.76 ± 76.66   
    0.6    0.4   5075.11 ± 275.23      199.63 ± 78.43   
    0.6    0.4   5071.18 ± 274.56      202.71 ± 78.78   
    0.7    0.3   5070.94 ± 274.64      205.08 ± 79.21   
    0.7    0.3   5062.68 ± 274.69      210.58 ± 81.44   
    0.7    0.3   5058.35 ± 274.48      216.11 ± 81.82   
    0.7    0.3   5058.32 ± 273.97      227.30 ± 84.69   
    0.7    0.3   5054.28 ± 273.83      229.32 ± 85.82   
    0.7    0.3   5050.78 ± 273.93      232.99 ± 88.62   
    0.7    0.3   5048.29 ± 273.45      236.90 ± 88.32   
    0.7    0.3   5044.42 ± 273.08      241.73 ± 90.10   
    0.7    0.3   5041.75 ± 273.05      246.10 ± 91.38   
    0.7    0.3   5039.31 ± 272.73      249.22 ± 92.02   
    0.8    0.2   5036.61 ± 271.95      254.48 ± 95.39   
    0.8    0.2   5033.36 ± 271.43      258.66 ± 95.40   
    0.8    0.2   5029.83 ± 270.81      262.70 ± 97.02   
    0.8    0.2   5029.54 ± 271.50      267.35 ± 98.88   
    0.8    0.2   5021.19 ± 272.44      274.99 ± 102.44  
    0.8    0.2   5016.49 ± 272.28      282.16 ± 103.73  
    0.8    0.2   5015.24 ± 272.48      295.47 ± 106.08  
    0.8    0.2   5010.91 ± 272.03      297.73 ± 106.92  
    0.8    0.2   5007.55 ± 271.94      302.80 ± 109.25  
    0.8    0.2   5003.69 ± 272.17      309.82 ± 112.12  
    0.8    0.2   5000.48 ± 272.22      317.19 ± 114.27  
    0.9    0.1   4997.51 ± 271.83      323.68 ± 115.75  
    0.9    0.1   4994.22 ± 272.48      331.28 ± 115.77  
    0.9    0.1   4991.11 ± 272.31      337.39 ± 118.71  
    0.9    0.1   4988.34 ± 272.25      345.85 ± 122.85  
    0.9    0.1   4987.21 ± 272.77      353.15 ± 124.94  
    0.9    0.1   4979.69 ± 272.43      371.06 ± 128.03  
    0.9    0.1   4973.74 ± 272.03      388.18 ± 132.59  
    0.9    0.1   4973.19 ± 273.25      412.08 ± 136.53  
    0.9    0.1   4969.49 ± 273.51      417.83 ± 138.10  
    0.9    0.1   4966.96 ± 273.23      425.09 ± 140.26  
    1.0    0.0   4965.50 ± 273.64      436.38 ± 145.10  
    1.0    0.0   4963.99 ± 274.02      446.58 ± 146.25  
    1.0    0.0   4964.65 ± 274.78      453.66 ± 149.89  
    1.0    0.0   4965.91 ± 275.22      462.21 ± 152.95  
    1.0    0.0   4967.84 ± 275.69      465.24 ± 155.19  
======================================================================

Hypervolume Indicator: 739340.45
Reference point: f₁=6550.07, f₂=511.76

Results saved to paretofront/moead_results_100_exp1.pkl
Text results saved to paretofront/moead_results_100_exp1.txt
