=== Regenerating convergence plot with latest data ===
Using checkpoint dir: outputs/agh_50/train_raw_50_20260228T011907
[INFO] Using device: cuda

============================================================
  Evaluating n=50 (graph_size=50)
============================================================
调用AttentionModel
  Epoch   0 | λ=(0.0, 1.0): 84.8 | λ=(0.3, 0.7): 1462.6 | λ=(0.5, 0.5): 2235.8 | λ=(0.7, 0.3): 2932.6 | λ=(1.0, 0.0): 3948.9
调用AttentionModel
  Epoch   5 | λ=(0.0, 1.0): 2.4 | λ=(0.3, 0.7): 1446.5 | λ=(0.5, 0.5): 2189.1 | λ=(0.7, 0.3): 2846.1 | λ=(1.0, 0.0): 3852.3
调用AttentionModel
  Epoch  10 | λ=(0.0, 1.0): 0.6 | λ=(0.3, 0.7): 1432.4 | λ=(0.5, 0.5): 2169.0 | λ=(0.7, 0.3): 2821.7 | λ=(1.0, 0.0): 3815.9
调用AttentionModel
  Epoch  15 | λ=(0.0, 1.0): 2.8 | λ=(0.3, 0.7): 1418.5 | λ=(0.5, 0.5): 2113.7 | λ=(0.7, 0.3): 2754.1 | λ=(1.0, 0.0): 3740.2
调用AttentionModel
  Epoch  20 | λ=(0.0, 1.0): 0.7 | λ=(0.3, 0.7): 1383.8 | λ=(0.5, 0.5): 2058.3 | λ=(0.7, 0.3): 2682.4 | λ=(1.0, 0.0): 3632.3
调用AttentionModel
  Epoch  25 | λ=(0.0, 1.0): 3.6 | λ=(0.3, 0.7): 1351.7 | λ=(0.5, 0.5): 2025.8 | λ=(0.7, 0.3): 2639.1 | λ=(1.0, 0.0): 3585.9
调用AttentionModel
  Epoch  30 | λ=(0.0, 1.0): 17.6 | λ=(0.3, 0.7): 1326.2 | λ=(0.5, 0.5): 1976.4 | λ=(0.7, 0.3): 2569.8 | λ=(1.0, 0.0): 3483.1
调用AttentionModel
  Epoch  35 | λ=(0.0, 1.0): 1.8 | λ=(0.3, 0.7): 1334.6 | λ=(0.5, 0.5): 1970.0 | λ=(0.7, 0.3): 2553.1 | λ=(1.0, 0.0): 3462.9
调用AttentionModel
  Epoch  40 | λ=(0.0, 1.0): 18.7 | λ=(0.3, 0.7): 1281.6 | λ=(0.5, 0.5): 1906.6 | λ=(0.7, 0.3): 2492.5 | λ=(1.0, 0.0): 3374.8
调用AttentionModel
  Epoch  45 | λ=(0.0, 1.0): 1.0 | λ=(0.3, 0.7): 1332.8 | λ=(0.5, 0.5): 1899.9 | λ=(0.7, 0.3): 2420.6 | λ=(1.0, 0.0): 3301.6
调用AttentionModel
  Epoch  50 | λ=(0.0, 1.0): 5.6 | λ=(0.3, 0.7): 1194.2 | λ=(0.5, 0.5): 1767.6 | λ=(0.7, 0.3): 2341.6 | λ=(1.0, 0.0): 3212.2
调用AttentionModel
  Epoch  55 | λ=(0.0, 1.0): 7.7 | λ=(0.3, 0.7): 1165.1 | λ=(0.5, 0.5): 1741.9 | λ=(0.7, 0.3): 2324.6 | λ=(1.0, 0.0): 3208.9
调用AttentionModel
  Epoch  60 | λ=(0.0, 1.0): 43.2 | λ=(0.3, 0.7): 1155.5 | λ=(0.5, 0.5): 1721.0 | λ=(0.7, 0.3): 2286.5 | λ=(1.0, 0.0): 3153.2
调用AttentionModel
  Epoch  65 | λ=(0.0, 1.0): 2.8 | λ=(0.3, 0.7): 1180.2 | λ=(0.5, 0.5): 1721.8 | λ=(0.7, 0.3): 2274.6 | λ=(1.0, 0.0): 3115.5
调用AttentionModel
  Epoch  70 | λ=(0.0, 1.0): 7.7 | λ=(0.3, 0.7): 1109.7 | λ=(0.5, 0.5): 1664.7 | λ=(0.7, 0.3): 2214.0 | λ=(1.0, 0.0): 3034.2
调用AttentionModel
  Epoch  75 | λ=(0.0, 1.0): 22.9 | λ=(0.3, 0.7): 1121.2 | λ=(0.5, 0.5): 1701.1 | λ=(0.7, 0.3): 2275.1 | λ=(1.0, 0.0): 3142.0
调用AttentionModel
  Epoch  80 | λ=(0.0, 1.0): 10.6 | λ=(0.3, 0.7): 1128.7 | λ=(0.5, 0.5): 1697.0 | λ=(0.7, 0.3): 2256.1 | λ=(1.0, 0.0): 3092.7
调用AttentionModel
  Epoch  85 | λ=(0.0, 1.0): 6.5 | λ=(0.3, 0.7): 1125.3 | λ=(0.5, 0.5): 1701.0 | λ=(0.7, 0.3): 2253.7 | λ=(1.0, 0.0): 3088.1
调用AttentionModel
  Epoch  90 | λ=(0.0, 1.0): 21.5 | λ=(0.3, 0.7): 1080.8 | λ=(0.5, 0.5): 1631.7 | λ=(0.7, 0.3): 2172.8 | λ=(1.0, 0.0): 2986.1
调用AttentionModel
  Epoch  95 | λ=(0.0, 1.0): 0.3 | λ=(0.3, 0.7): 1090.9 | λ=(0.5, 0.5): 1604.8 | λ=(0.7, 0.3): 2140.8 | λ=(1.0, 0.0): 2941.9
调用AttentionModel
  Epoch  99 | λ=(0.0, 1.0): 1.1 | λ=(0.3, 0.7): 1066.0 | λ=(0.5, 0.5): 1606.1 | λ=(0.7, 0.3): 2151.2 | λ=(1.0, 0.0): 2969.1
[INFO] Cached results to /gpfs/home4/ltan/HHC/visualization/../paretofront/convergence_data.pkl

[OK] Saved plot to: /gpfs/home4/ltan/HHC/visualization/../images/convergence/convergence.png

Plot saved to: images/convergence/convergence.png
