=== Regenerating convergence plot with latest data ===
Using checkpoint dir: outputs/agh_50/train_raw_50_20260228T011907
[INFO] Using device: cuda

============================================================
  Evaluating n=50 (graph_size=50)
============================================================
  [INFO] Using shared test: paretofront/shared_test_50.pkl
调用AttentionModel
  Epoch   0 | λ=(0.0, 1.0): 76.4 | λ=(0.3, 0.7): 1460.8 | λ=(0.5, 0.5): 2238.3 | λ=(0.7, 0.3): 2937.7 | λ=(1.0, 0.0): 3957.5
调用AttentionModel
  Epoch   1 | λ=(0.0, 1.0): 29.8 | λ=(0.3, 0.7): 1465.1 | λ=(0.5, 0.5): 2236.3 | λ=(0.7, 0.3): 2918.8 | λ=(1.0, 0.0): 3932.3
调用AttentionModel
  Epoch   2 | λ=(0.0, 1.0): 4.1 | λ=(0.3, 0.7): 1460.2 | λ=(0.5, 0.5): 2223.6 | λ=(0.7, 0.3): 2890.6 | λ=(1.0, 0.0): 3916.0
调用AttentionModel
  Epoch   3 | λ=(0.0, 1.0): 5.0 | λ=(0.3, 0.7): 1459.0 | λ=(0.5, 0.5): 2209.6 | λ=(0.7, 0.3): 2882.3 | λ=(1.0, 0.0): 3906.9
调用AttentionModel
  Epoch   4 | λ=(0.0, 1.0): 7.5 | λ=(0.3, 0.7): 1448.4 | λ=(0.5, 0.5): 2190.5 | λ=(0.7, 0.3): 2862.8 | λ=(1.0, 0.0): 3876.6
调用AttentionModel
  Epoch   5 | λ=(0.0, 1.0): 2.3 | λ=(0.3, 0.7): 1444.7 | λ=(0.5, 0.5): 2185.9 | λ=(0.7, 0.3): 2845.2 | λ=(1.0, 0.0): 3860.9
调用AttentionModel
  Epoch   6 | λ=(0.0, 1.0): 5.9 | λ=(0.3, 0.7): 1438.9 | λ=(0.5, 0.5): 2175.2 | λ=(0.7, 0.3): 2844.6 | λ=(1.0, 0.0): 3861.5
调用AttentionModel
  Epoch   7 | λ=(0.0, 1.0): 0.4 | λ=(0.3, 0.7): 1440.3 | λ=(0.5, 0.5): 2190.6 | λ=(0.7, 0.3): 2846.8 | λ=(1.0, 0.0): 3851.2
调用AttentionModel
  Epoch   8 | λ=(0.0, 1.0): 0.3 | λ=(0.3, 0.7): 1435.8 | λ=(0.5, 0.5): 2173.2 | λ=(0.7, 0.3): 2825.2 | λ=(1.0, 0.0): 3828.1
调用AttentionModel
  Epoch   9 | λ=(0.0, 1.0): 1.1 | λ=(0.3, 0.7): 1431.0 | λ=(0.5, 0.5): 2168.2 | λ=(0.7, 0.3): 2821.1 | λ=(1.0, 0.0): 3813.3
调用AttentionModel
  Epoch  10 | λ=(0.0, 1.0): 1.2 | λ=(0.3, 0.7): 1432.1 | λ=(0.5, 0.5): 2168.5 | λ=(0.7, 0.3): 2827.6 | λ=(1.0, 0.0): 3830.3
调用AttentionModel
  Epoch  11 | λ=(0.0, 1.0): 1.7 | λ=(0.3, 0.7): 1421.6 | λ=(0.5, 0.5): 2157.2 | λ=(0.7, 0.3): 2811.0 | λ=(1.0, 0.0): 3803.1
调用AttentionModel
  Epoch  12 | λ=(0.0, 1.0): 0.4 | λ=(0.3, 0.7): 1429.9 | λ=(0.5, 0.5): 2164.9 | λ=(0.7, 0.3): 2807.5 | λ=(1.0, 0.0): 3801.0
调用AttentionModel
  Epoch  13 | λ=(0.0, 1.0): 11.1 | λ=(0.3, 0.7): 1422.4 | λ=(0.5, 0.5): 2138.5 | λ=(0.7, 0.3): 2808.2 | λ=(1.0, 0.0): 3809.0
调用AttentionModel
  Epoch  14 | λ=(0.0, 1.0): 1.6 | λ=(0.3, 0.7): 1421.3 | λ=(0.5, 0.5): 2146.7 | λ=(0.7, 0.3): 2789.2 | λ=(1.0, 0.0): 3785.1
调用AttentionModel
  Epoch  15 | λ=(0.0, 1.0): 3.1 | λ=(0.3, 0.7): 1419.5 | λ=(0.5, 0.5): 2118.7 | λ=(0.7, 0.3): 2767.3 | λ=(1.0, 0.0): 3744.9
调用AttentionModel
  Epoch  16 | λ=(0.0, 1.0): 1.7 | λ=(0.3, 0.7): 1397.2 | λ=(0.5, 0.5): 2112.9 | λ=(0.7, 0.3): 2751.5 | λ=(1.0, 0.0): 3728.3
调用AttentionModel
  Epoch  17 | λ=(0.0, 1.0): 9.4 | λ=(0.3, 0.7): 1392.1 | λ=(0.5, 0.5): 2089.3 | λ=(0.7, 0.3): 2728.4 | λ=(1.0, 0.0): 3690.6
调用AttentionModel
  Epoch  18 | λ=(0.0, 1.0): 7.9 | λ=(0.3, 0.7): 1382.6 | λ=(0.5, 0.5): 2079.6 | λ=(0.7, 0.3): 2724.4 | λ=(1.0, 0.0): 3692.0
调用AttentionModel
  Epoch  19 | λ=(0.0, 1.0): 5.5 | λ=(0.3, 0.7): 1376.3 | λ=(0.5, 0.5): 2070.7 | λ=(0.7, 0.3): 2705.8 | λ=(1.0, 0.0): 3665.7
调用AttentionModel
  Epoch  20 | λ=(0.0, 1.0): 0.6 | λ=(0.3, 0.7): 1382.7 | λ=(0.5, 0.5): 2066.1 | λ=(0.7, 0.3): 2689.4 | λ=(1.0, 0.0): 3647.1
调用AttentionModel
  Epoch  21 | λ=(0.0, 1.0): 0.6 | λ=(0.3, 0.7): 1387.7 | λ=(0.5, 0.5): 2075.3 | λ=(0.7, 0.3): 2700.4 | λ=(1.0, 0.0): 3667.2
调用AttentionModel
  Epoch  22 | λ=(0.0, 1.0): 1.6 | λ=(0.3, 0.7): 1381.0 | λ=(0.5, 0.5): 2062.7 | λ=(0.7, 0.3): 2677.5 | λ=(1.0, 0.0): 3627.1
调用AttentionModel
  Epoch  23 | λ=(0.0, 1.0): 2.1 | λ=(0.3, 0.7): 1366.1 | λ=(0.5, 0.5): 2054.7 | λ=(0.7, 0.3): 2688.1 | λ=(1.0, 0.0): 3656.8
调用AttentionModel
  Epoch  24 | λ=(0.0, 1.0): 0.4 | λ=(0.3, 0.7): 1382.1 | λ=(0.5, 0.5): 2072.0 | λ=(0.7, 0.3): 2667.3 | λ=(1.0, 0.0): 3608.6
调用AttentionModel
  Epoch  25 | λ=(0.0, 1.0): 3.8 | λ=(0.3, 0.7): 1347.8 | λ=(0.5, 0.5): 2020.6 | λ=(0.7, 0.3): 2642.4 | λ=(1.0, 0.0): 3599.8
调用AttentionModel
  Epoch  26 | λ=(0.0, 1.0): 4.8 | λ=(0.3, 0.7): 1335.5 | λ=(0.5, 0.5): 2014.0 | λ=(0.7, 0.3): 2638.1 | λ=(1.0, 0.0): 3573.4
调用AttentionModel
  Epoch  27 | λ=(0.0, 1.0): 6.2 | λ=(0.3, 0.7): 1344.6 | λ=(0.5, 0.5): 2023.6 | λ=(0.7, 0.3): 2635.6 | λ=(1.0, 0.0): 3553.7
调用AttentionModel
  Epoch  28 | λ=(0.0, 1.0): 1.4 | λ=(0.3, 0.7): 1351.0 | λ=(0.5, 0.5): 2011.9 | λ=(0.7, 0.3): 2611.8 | λ=(1.0, 0.0): 3525.1
调用AttentionModel
  Epoch  29 | λ=(0.0, 1.0): 5.8 | λ=(0.3, 0.7): 1331.9 | λ=(0.5, 0.5): 1990.5 | λ=(0.7, 0.3): 2597.5 | λ=(1.0, 0.0): 3534.6
调用AttentionModel
  Epoch  30 | λ=(0.0, 1.0): 18.3 | λ=(0.3, 0.7): 1326.9 | λ=(0.5, 0.5): 1981.2 | λ=(0.7, 0.3): 2582.1 | λ=(1.0, 0.0): 3495.8
调用AttentionModel
  Epoch  31 | λ=(0.0, 1.0): 5.0 | λ=(0.3, 0.7): 1327.2 | λ=(0.5, 0.5): 1973.7 | λ=(0.7, 0.3): 2577.9 | λ=(1.0, 0.0): 3502.1
调用AttentionModel
  Epoch  32 | λ=(0.0, 1.0): 0.8 | λ=(0.3, 0.7): 1327.8 | λ=(0.5, 0.5): 1970.2 | λ=(0.7, 0.3): 2575.4 | λ=(1.0, 0.0): 3501.1
调用AttentionModel
  Epoch  33 | λ=(0.0, 1.0): 6.8 | λ=(0.3, 0.7): 1320.8 | λ=(0.5, 0.5): 1963.8 | λ=(0.7, 0.3): 2565.7 | λ=(1.0, 0.0): 3475.7
调用AttentionModel
  Epoch  34 | λ=(0.0, 1.0): 39.6 | λ=(0.3, 0.7): 1328.3 | λ=(0.5, 0.5): 1965.0 | λ=(0.7, 0.3): 2559.7 | λ=(1.0, 0.0): 3464.1
调用AttentionModel
  Epoch  35 | λ=(0.0, 1.0): 1.2 | λ=(0.3, 0.7): 1338.7 | λ=(0.5, 0.5): 1976.9 | λ=(0.7, 0.3): 2564.0 | λ=(1.0, 0.0): 3470.5
调用AttentionModel
  Epoch  36 | λ=(0.0, 1.0): 36.4 | λ=(0.3, 0.7): 1318.0 | λ=(0.5, 0.5): 1951.3 | λ=(0.7, 0.3): 2553.5 | λ=(1.0, 0.0): 3460.3
调用AttentionModel
  Epoch  37 | λ=(0.0, 1.0): 1.0 | λ=(0.3, 0.7): 1322.4 | λ=(0.5, 0.5): 1948.3 | λ=(0.7, 0.3): 2543.4 | λ=(1.0, 0.0): 3473.9
调用AttentionModel
  Epoch  38 | λ=(0.0, 1.0): 5.9 | λ=(0.3, 0.7): 1301.1 | λ=(0.5, 0.5): 1943.3 | λ=(0.7, 0.3): 2532.3 | λ=(1.0, 0.0): 3425.3
调用AttentionModel
  Epoch  39 | λ=(0.0, 1.0): 9.1 | λ=(0.3, 0.7): 1284.3 | λ=(0.5, 0.5): 1924.0 | λ=(0.7, 0.3): 2531.5 | λ=(1.0, 0.0): 3424.8
调用AttentionModel
  Epoch  40 | λ=(0.0, 1.0): 19.0 | λ=(0.3, 0.7): 1283.1 | λ=(0.5, 0.5): 1910.3 | λ=(0.7, 0.3): 2499.8 | λ=(1.0, 0.0): 3390.3
调用AttentionModel
  Epoch  41 | λ=(0.0, 1.0): 6.2 | λ=(0.3, 0.7): 1288.2 | λ=(0.5, 0.5): 1903.2 | λ=(0.7, 0.3): 2496.2 | λ=(1.0, 0.0): 3384.1
调用AttentionModel
  Epoch  42 | λ=(0.0, 1.0): 3.4 | λ=(0.3, 0.7): 1275.9 | λ=(0.5, 0.5): 1892.9 | λ=(0.7, 0.3): 2499.1 | λ=(1.0, 0.0): 3398.3
调用AttentionModel
  Epoch  43 | λ=(0.0, 1.0): 17.6 | λ=(0.3, 0.7): 1248.1 | λ=(0.5, 0.5): 1879.0 | λ=(0.7, 0.3): 2473.5 | λ=(1.0, 0.0): 3351.4
调用AttentionModel
  Epoch  44 | λ=(0.0, 1.0): 24.0 | λ=(0.3, 0.7): 1232.6 | λ=(0.5, 0.5): 1836.6 | λ=(0.7, 0.3): 2425.5 | λ=(1.0, 0.0): 3309.3
调用AttentionModel
  Epoch  45 | λ=(0.0, 1.0): 0.8 | λ=(0.3, 0.7): 1338.7 | λ=(0.5, 0.5): 1908.2 | λ=(0.7, 0.3): 2428.3 | λ=(1.0, 0.0): 3307.6
调用AttentionModel
  Epoch  46 | λ=(0.0, 1.0): 13.3 | λ=(0.3, 0.7): 1214.0 | λ=(0.5, 0.5): 1831.9 | λ=(0.7, 0.3): 2434.3 | λ=(1.0, 0.0): 3322.2
调用AttentionModel
  Epoch  47 | λ=(0.0, 1.0): 34.0 | λ=(0.3, 0.7): 1206.1 | λ=(0.5, 0.5): 1795.9 | λ=(0.7, 0.3): 2376.7 | λ=(1.0, 0.0): 3248.7
调用AttentionModel
  Epoch  48 | λ=(0.0, 1.0): 15.1 | λ=(0.3, 0.7): 1203.3 | λ=(0.5, 0.5): 1812.2 | λ=(0.7, 0.3): 2409.4 | λ=(1.0, 0.0): 3287.6
调用AttentionModel
  Epoch  49 | λ=(0.0, 1.0): 30.0 | λ=(0.3, 0.7): 1186.1 | λ=(0.5, 0.5): 1768.6 | λ=(0.7, 0.3): 2348.7 | λ=(1.0, 0.0): 3223.7
调用AttentionModel
  Epoch  50 | λ=(0.0, 1.0): 6.2 | λ=(0.3, 0.7): 1187.3 | λ=(0.5, 0.5): 1767.9 | λ=(0.7, 0.3): 2352.3 | λ=(1.0, 0.0): 3224.2
调用AttentionModel
  Epoch  51 | λ=(0.0, 1.0): 77.7 | λ=(0.3, 0.7): 1225.6 | λ=(0.5, 0.5): 1814.8 | λ=(0.7, 0.3): 2381.4 | λ=(1.0, 0.0): 3239.4
调用AttentionModel
  Epoch  52 | λ=(0.0, 1.0): 11.1 | λ=(0.3, 0.7): 1189.8 | λ=(0.5, 0.5): 1751.6 | λ=(0.7, 0.3): 2316.3 | λ=(1.0, 0.0): 3168.6
调用AttentionModel
  Epoch  53 | λ=(0.0, 1.0): 11.6 | λ=(0.3, 0.7): 1182.9 | λ=(0.5, 0.5): 1761.7 | λ=(0.7, 0.3): 2337.9 | λ=(1.0, 0.0): 3205.8
调用AttentionModel
  Epoch  54 | λ=(0.0, 1.0): 10.3 | λ=(0.3, 0.7): 1165.3 | λ=(0.5, 0.5): 1745.1 | λ=(0.7, 0.3): 2320.8 | λ=(1.0, 0.0): 3184.5
调用AttentionModel
  Epoch  55 | λ=(0.0, 1.0): 8.2 | λ=(0.3, 0.7): 1161.0 | λ=(0.5, 0.5): 1741.9 | λ=(0.7, 0.3): 2325.9 | λ=(1.0, 0.0): 3205.3
调用AttentionModel
  Epoch  56 | λ=(0.0, 1.0): 16.9 | λ=(0.3, 0.7): 1147.5 | λ=(0.5, 0.5): 1727.4 | λ=(0.7, 0.3): 2298.5 | λ=(1.0, 0.0): 3163.6
调用AttentionModel
  Epoch  57 | λ=(0.0, 1.0): 23.2 | λ=(0.3, 0.7): 1205.6 | λ=(0.5, 0.5): 1772.9 | λ=(0.7, 0.3): 2313.4 | λ=(1.0, 0.0): 3148.3
调用AttentionModel
  Epoch  58 | λ=(0.0, 1.0): 37.3 | λ=(0.3, 0.7): 1170.8 | λ=(0.5, 0.5): 1739.2 | λ=(0.7, 0.3): 2305.4 | λ=(1.0, 0.0): 3174.4
调用AttentionModel
  Epoch  59 | λ=(0.0, 1.0): 2.6 | λ=(0.3, 0.7): 1150.5 | λ=(0.5, 0.5): 1712.9 | λ=(0.7, 0.3): 2277.8 | λ=(1.0, 0.0): 3125.0
调用AttentionModel
  Epoch  60 | λ=(0.0, 1.0): 41.5 | λ=(0.3, 0.7): 1155.5 | λ=(0.5, 0.5): 1722.1 | λ=(0.7, 0.3): 2288.5 | λ=(1.0, 0.0): 3157.9
调用AttentionModel
  Epoch  61 | λ=(0.0, 1.0): 8.5 | λ=(0.3, 0.7): 1187.0 | λ=(0.5, 0.5): 1744.4 | λ=(0.7, 0.3): 2294.1 | λ=(1.0, 0.0): 3126.6
调用AttentionModel
  Epoch  62 | λ=(0.0, 1.0): 12.7 | λ=(0.3, 0.7): 1135.1 | λ=(0.5, 0.5): 1703.3 | λ=(0.7, 0.3): 2266.3 | λ=(1.0, 0.0): 3114.0
调用AttentionModel
  Epoch  63 | λ=(0.0, 1.0): 18.5 | λ=(0.3, 0.7): 1168.5 | λ=(0.5, 0.5): 1717.5 | λ=(0.7, 0.3): 2278.3 | λ=(1.0, 0.0): 3129.5
调用AttentionModel
  Epoch  64 | λ=(0.0, 1.0): 20.5 | λ=(0.3, 0.7): 1160.8 | λ=(0.5, 0.5): 1741.2 | λ=(0.7, 0.3): 2309.3 | λ=(1.0, 0.0): 3188.7
调用AttentionModel
  Epoch  65 | λ=(0.0, 1.0): 2.5 | λ=(0.3, 0.7): 1176.0 | λ=(0.5, 0.5): 1716.4 | λ=(0.7, 0.3): 2274.4 | λ=(1.0, 0.0): 3113.9
调用AttentionModel
  Epoch  66 | λ=(0.0, 1.0): 2.9 | λ=(0.3, 0.7): 1168.5 | λ=(0.5, 0.5): 1718.6 | λ=(0.7, 0.3): 2274.4 | λ=(1.0, 0.0): 3114.5
调用AttentionModel
  Epoch  67 | λ=(0.0, 1.0): 7.2 | λ=(0.3, 0.7): 1126.0 | λ=(0.5, 0.5): 1705.4 | λ=(0.7, 0.3): 2262.8 | λ=(1.0, 0.0): 3107.7
调用AttentionModel
  Epoch  68 | λ=(0.0, 1.0): 16.4 | λ=(0.3, 0.7): 1120.9 | λ=(0.5, 0.5): 1691.5 | λ=(0.7, 0.3): 2258.4 | λ=(1.0, 0.0): 3149.7
调用AttentionModel
  Epoch  69 | λ=(0.0, 1.0): 5.5 | λ=(0.3, 0.7): 1121.9 | λ=(0.5, 0.5): 1677.6 | λ=(0.7, 0.3): 2229.4 | λ=(1.0, 0.0): 3057.2
调用AttentionModel
  Epoch  70 | λ=(0.0, 1.0): 8.0 | λ=(0.3, 0.7): 1105.1 | λ=(0.5, 0.5): 1661.7 | λ=(0.7, 0.3): 2214.2 | λ=(1.0, 0.0): 3042.0
调用AttentionModel
  Epoch  71 | λ=(0.0, 1.0): 5.9 | λ=(0.3, 0.7): 1141.8 | λ=(0.5, 0.5): 1692.6 | λ=(0.7, 0.3): 2247.8 | λ=(1.0, 0.0): 3092.6
调用AttentionModel
  Epoch  72 | λ=(0.0, 1.0): 26.3 | λ=(0.3, 0.7): 1147.4 | λ=(0.5, 0.5): 1704.8 | λ=(0.7, 0.3): 2261.1 | λ=(1.0, 0.0): 3107.9
调用AttentionModel
  Epoch  73 | λ=(0.0, 1.0): 60.3 | λ=(0.3, 0.7): 1125.2 | λ=(0.5, 0.5): 1687.8 | λ=(0.7, 0.3): 2242.4 | λ=(1.0, 0.0): 3083.4
调用AttentionModel
  Epoch  74 | λ=(0.0, 1.0): 13.1 | λ=(0.3, 0.7): 1123.1 | λ=(0.5, 0.5): 1699.2 | λ=(0.7, 0.3): 2269.3 | λ=(1.0, 0.0): 3125.4
调用AttentionModel
  Epoch  75 | λ=(0.0, 1.0): 22.7 | λ=(0.3, 0.7): 1122.0 | λ=(0.5, 0.5): 1707.5 | λ=(0.7, 0.3): 2283.4 | λ=(1.0, 0.0): 3148.4
调用AttentionModel
  Epoch  76 | λ=(0.0, 1.0): 1.1 | λ=(0.3, 0.7): 1143.7 | λ=(0.5, 0.5): 1714.8 | λ=(0.7, 0.3): 2283.6 | λ=(1.0, 0.0): 3146.5
调用AttentionModel
  Epoch  77 | λ=(0.0, 1.0): 12.8 | λ=(0.3, 0.7): 1116.6 | λ=(0.5, 0.5): 1687.8 | λ=(0.7, 0.3): 2241.0 | λ=(1.0, 0.0): 3066.6
调用AttentionModel
  Epoch  78 | λ=(0.0, 1.0): 14.9 | λ=(0.3, 0.7): 1116.4 | λ=(0.5, 0.5): 1695.7 | λ=(0.7, 0.3): 2258.1 | λ=(1.0, 0.0): 3093.8
调用AttentionModel
  Epoch  79 | λ=(0.0, 1.0): 2.6 | λ=(0.3, 0.7): 1135.0 | λ=(0.5, 0.5): 1739.4 | λ=(0.7, 0.3): 2317.0 | λ=(1.0, 0.0): 3151.1
调用AttentionModel
  Epoch  80 | λ=(0.0, 1.0): 10.2 | λ=(0.3, 0.7): 1127.3 | λ=(0.5, 0.5): 1700.2 | λ=(0.7, 0.3): 2259.4 | λ=(1.0, 0.0): 3092.2
调用AttentionModel
  Epoch  81 | λ=(0.0, 1.0): 42.7 | λ=(0.3, 0.7): 1120.6 | λ=(0.5, 0.5): 1703.4 | λ=(0.7, 0.3): 2284.2 | λ=(1.0, 0.0): 3155.0
调用AttentionModel
  Epoch  82 | λ=(0.0, 1.0): 23.7 | λ=(0.3, 0.7): 1124.5 | λ=(0.5, 0.5): 1716.9 | λ=(0.7, 0.3): 2293.4 | λ=(1.0, 0.0): 3169.7
调用AttentionModel
  Epoch  83 | λ=(0.0, 1.0): 11.4 | λ=(0.3, 0.7): 1132.0 | λ=(0.5, 0.5): 1716.3 | λ=(0.7, 0.3): 2297.8 | λ=(1.0, 0.0): 3166.8
调用AttentionModel
  Epoch  84 | λ=(0.0, 1.0): 18.2 | λ=(0.3, 0.7): 1135.4 | λ=(0.5, 0.5): 1715.9 | λ=(0.7, 0.3): 2273.5 | λ=(1.0, 0.0): 3112.3
调用AttentionModel
  Epoch  85 | λ=(0.0, 1.0): 6.4 | λ=(0.3, 0.7): 1121.5 | λ=(0.5, 0.5): 1703.8 | λ=(0.7, 0.3): 2259.5 | λ=(1.0, 0.0): 3090.5
调用AttentionModel
  Epoch  86 | λ=(0.0, 1.0): 67.7 | λ=(0.3, 0.7): 1141.4 | λ=(0.5, 0.5): 1690.5 | λ=(0.7, 0.3): 2222.1 | λ=(1.0, 0.0): 3040.0
调用AttentionModel
  Epoch  87 | λ=(0.0, 1.0): 0.9 | λ=(0.3, 0.7): 1166.1 | λ=(0.5, 0.5): 1711.0 | λ=(0.7, 0.3): 2269.1 | λ=(1.0, 0.0): 3089.7
调用AttentionModel
  Epoch  88 | λ=(0.0, 1.0): 23.3 | λ=(0.3, 0.7): 1089.8 | λ=(0.5, 0.5): 1647.2 | λ=(0.7, 0.3): 2190.8 | λ=(1.0, 0.0): 3007.5
调用AttentionModel
  Epoch  89 | λ=(0.0, 1.0): 68.2 | λ=(0.3, 0.7): 1088.5 | λ=(0.5, 0.5): 1646.2 | λ=(0.7, 0.3): 2192.6 | λ=(1.0, 0.0): 3014.5
调用AttentionModel
  Epoch  90 | λ=(0.0, 1.0): 20.5 | λ=(0.3, 0.7): 1080.2 | λ=(0.5, 0.5): 1636.7 | λ=(0.7, 0.3): 2180.3 | λ=(1.0, 0.0): 2991.0
调用AttentionModel
  Epoch  91 | λ=(0.0, 1.0): 16.0 | λ=(0.3, 0.7): 1066.6 | λ=(0.5, 0.5): 1621.6 | λ=(0.7, 0.3): 2163.1 | λ=(1.0, 0.0): 2974.1
调用AttentionModel
  Epoch  92 | λ=(0.0, 1.0): 38.7 | λ=(0.3, 0.7): 1066.8 | λ=(0.5, 0.5): 1621.0 | λ=(0.7, 0.3): 2162.5 | λ=(1.0, 0.0): 2974.2
调用AttentionModel
  Epoch  93 | λ=(0.0, 1.0): 29.3 | λ=(0.3, 0.7): 1062.0 | λ=(0.5, 0.5): 1618.4 | λ=(0.7, 0.3): 2163.9 | λ=(1.0, 0.0): 2980.3
调用AttentionModel
  Epoch  94 | λ=(0.0, 1.0): 30.7 | λ=(0.3, 0.7): 1065.4 | λ=(0.5, 0.5): 1620.3 | λ=(0.7, 0.3): 2156.2 | λ=(1.0, 0.0): 2963.1
调用AttentionModel
  Epoch  95 | λ=(0.0, 1.0): 0.2 | λ=(0.3, 0.7): 1082.0 | λ=(0.5, 0.5): 1598.3 | λ=(0.7, 0.3): 2135.2 | λ=(1.0, 0.0): 2936.8
调用AttentionModel
  Epoch  96 | λ=(0.0, 1.0): 85.5 | λ=(0.3, 0.7): 1050.6 | λ=(0.5, 0.5): 1597.8 | λ=(0.7, 0.3): 2136.5 | λ=(1.0, 0.0): 2940.5
调用AttentionModel
  Epoch  97 | λ=(0.0, 1.0): 75.6 | λ=(0.3, 0.7): 1054.3 | λ=(0.5, 0.5): 1591.8 | λ=(0.7, 0.3): 2127.4 | λ=(1.0, 0.0): 2932.4
调用AttentionModel
  Epoch  98 | λ=(0.0, 1.0): 13.7 | λ=(0.3, 0.7): 1059.0 | λ=(0.5, 0.5): 1610.6 | λ=(0.7, 0.3): 2151.8 | λ=(1.0, 0.0): 2950.4
调用AttentionModel
  Epoch  99 | λ=(0.0, 1.0): 1.0 | λ=(0.3, 0.7): 1062.8 | λ=(0.5, 0.5): 1604.1 | λ=(0.7, 0.3): 2149.5 | λ=(1.0, 0.0): 2973.9
[INFO] Cached results to /gpfs/home4/ltan/HHC/visualization/../paretofront/convergence_data.pkl

[OK] Saved plot to: /gpfs/home4/ltan/HHC/visualization/../images/convergence/convergence.png

Plot saved to: images/convergence/convergence.png
