=== Generating 200ep multi-λ convergence plot (n=50 + n=100) ===
n=50:  outputs/agh_50/train_raw_50_200ep_20260228T162007
n=100: outputs/agh_100/train_raw_100_200ep_20260228T162008
[INFO] Using device: cuda

============================================================
  Evaluating n=50 (graph_size=50)
============================================================
  [INFO] Using shared test: paretofront/shared_test_50.pkl
调用AttentionModel
  Epoch   0 | λ=(0.0, 1.0): 76.4 | λ=(0.3, 0.7): 1460.8 | λ=(0.5, 0.5): 2238.3 | λ=(0.7, 0.3): 2937.7 | λ=(1.0, 0.0): 3957.5
调用AttentionModel
  Epoch   5 | λ=(0.0, 1.0): 2.3 | λ=(0.3, 0.7): 1444.7 | λ=(0.5, 0.5): 2185.9 | λ=(0.7, 0.3): 2845.2 | λ=(1.0, 0.0): 3860.9
调用AttentionModel
  Epoch  10 | λ=(0.0, 1.0): 1.2 | λ=(0.3, 0.7): 1432.1 | λ=(0.5, 0.5): 2168.5 | λ=(0.7, 0.3): 2827.6 | λ=(1.0, 0.0): 3830.3
调用AttentionModel
  Epoch  15 | λ=(0.0, 1.0): 3.1 | λ=(0.3, 0.7): 1419.5 | λ=(0.5, 0.5): 2118.7 | λ=(0.7, 0.3): 2767.3 | λ=(1.0, 0.0): 3744.9
调用AttentionModel
  Epoch  20 | λ=(0.0, 1.0): 0.6 | λ=(0.3, 0.7): 1382.7 | λ=(0.5, 0.5): 2066.1 | λ=(0.7, 0.3): 2689.4 | λ=(1.0, 0.0): 3647.1
调用AttentionModel
  Epoch  25 | λ=(0.0, 1.0): 3.8 | λ=(0.3, 0.7): 1347.8 | λ=(0.5, 0.5): 2020.6 | λ=(0.7, 0.3): 2642.4 | λ=(1.0, 0.0): 3599.8
调用AttentionModel
  Epoch  30 | λ=(0.0, 1.0): 18.3 | λ=(0.3, 0.7): 1326.9 | λ=(0.5, 0.5): 1981.2 | λ=(0.7, 0.3): 2582.1 | λ=(1.0, 0.0): 3495.8
调用AttentionModel
  Epoch  35 | λ=(0.0, 1.0): 1.2 | λ=(0.3, 0.7): 1338.7 | λ=(0.5, 0.5): 1976.9 | λ=(0.7, 0.3): 2564.0 | λ=(1.0, 0.0): 3470.5
调用AttentionModel
  Epoch  40 | λ=(0.0, 1.0): 19.0 | λ=(0.3, 0.7): 1283.1 | λ=(0.5, 0.5): 1910.3 | λ=(0.7, 0.3): 2499.8 | λ=(1.0, 0.0): 3390.3
调用AttentionModel
  Epoch  45 | λ=(0.0, 1.0): 0.8 | λ=(0.3, 0.7): 1338.7 | λ=(0.5, 0.5): 1908.2 | λ=(0.7, 0.3): 2428.3 | λ=(1.0, 0.0): 3307.6
调用AttentionModel
  Epoch  50 | λ=(0.0, 1.0): 6.2 | λ=(0.3, 0.7): 1187.3 | λ=(0.5, 0.5): 1767.9 | λ=(0.7, 0.3): 2352.3 | λ=(1.0, 0.0): 3224.2
调用AttentionModel
  Epoch  55 | λ=(0.0, 1.0): 8.2 | λ=(0.3, 0.7): 1161.0 | λ=(0.5, 0.5): 1741.9 | λ=(0.7, 0.3): 2325.9 | λ=(1.0, 0.0): 3205.3
调用AttentionModel
  Epoch  60 | λ=(0.0, 1.0): 41.5 | λ=(0.3, 0.7): 1155.5 | λ=(0.5, 0.5): 1722.1 | λ=(0.7, 0.3): 2288.5 | λ=(1.0, 0.0): 3157.9
调用AttentionModel
  Epoch  65 | λ=(0.0, 1.0): 2.5 | λ=(0.3, 0.7): 1176.0 | λ=(0.5, 0.5): 1716.4 | λ=(0.7, 0.3): 2274.4 | λ=(1.0, 0.0): 3113.9
调用AttentionModel
  Epoch  70 | λ=(0.0, 1.0): 8.0 | λ=(0.3, 0.7): 1105.1 | λ=(0.5, 0.5): 1661.7 | λ=(0.7, 0.3): 2214.2 | λ=(1.0, 0.0): 3042.0
调用AttentionModel
  Epoch  75 | λ=(0.0, 1.0): 22.7 | λ=(0.3, 0.7): 1122.0 | λ=(0.5, 0.5): 1707.5 | λ=(0.7, 0.3): 2283.4 | λ=(1.0, 0.0): 3148.4
调用AttentionModel
  Epoch  80 | λ=(0.0, 1.0): 10.2 | λ=(0.3, 0.7): 1127.3 | λ=(0.5, 0.5): 1700.2 | λ=(0.7, 0.3): 2259.4 | λ=(1.0, 0.0): 3092.2
调用AttentionModel
  Epoch  85 | λ=(0.0, 1.0): 6.4 | λ=(0.3, 0.7): 1121.5 | λ=(0.5, 0.5): 1703.8 | λ=(0.7, 0.3): 2259.5 | λ=(1.0, 0.0): 3090.5
调用AttentionModel
  Epoch  90 | λ=(0.0, 1.0): 20.5 | λ=(0.3, 0.7): 1080.2 | λ=(0.5, 0.5): 1636.7 | λ=(0.7, 0.3): 2180.3 | λ=(1.0, 0.0): 2991.0
调用AttentionModel
  Epoch  95 | λ=(0.0, 1.0): 0.2 | λ=(0.3, 0.7): 1082.0 | λ=(0.5, 0.5): 1598.3 | λ=(0.7, 0.3): 2135.2 | λ=(1.0, 0.0): 2936.8
调用AttentionModel
  Epoch 100 | λ=(0.0, 1.0): 73.5 | λ=(0.3, 0.7): 1051.4 | λ=(0.5, 0.5): 1595.2 | λ=(0.7, 0.3): 2127.8 | λ=(1.0, 0.0): 2927.2
调用AttentionModel
  Epoch 105 | λ=(0.0, 1.0): 28.1 | λ=(0.3, 0.7): 1030.9 | λ=(0.5, 0.5): 1572.0 | λ=(0.7, 0.3): 2102.9 | λ=(1.0, 0.0): 2893.9
调用AttentionModel
  Epoch 110 | λ=(0.0, 1.0): 27.8 | λ=(0.3, 0.7): 1010.4 | λ=(0.5, 0.5): 1535.8 | λ=(0.7, 0.3): 2055.5 | λ=(1.0, 0.0): 2842.9
调用AttentionModel
  Epoch 115 | λ=(0.0, 1.0): 6.8 | λ=(0.3, 0.7): 999.0 | λ=(0.5, 0.5): 1535.6 | λ=(0.7, 0.3): 2055.0 | λ=(1.0, 0.0): 2834.0
调用AttentionModel
  Epoch 120 | λ=(0.0, 1.0): 21.3 | λ=(0.3, 0.7): 984.8 | λ=(0.5, 0.5): 1515.3 | λ=(0.7, 0.3): 2034.3 | λ=(1.0, 0.0): 2816.1
调用AttentionModel
  Epoch 125 | λ=(0.0, 1.0): 10.3 | λ=(0.3, 0.7): 978.8 | λ=(0.5, 0.5): 1503.4 | λ=(0.7, 0.3): 2019.8 | λ=(1.0, 0.0): 2790.9
调用AttentionModel
  Epoch 130 | λ=(0.0, 1.0): 17.8 | λ=(0.3, 0.7): 973.7 | λ=(0.5, 0.5): 1504.5 | λ=(0.7, 0.3): 2024.3 | λ=(1.0, 0.0): 2797.7
调用AttentionModel
  Epoch 135 | λ=(0.0, 1.0): 2.4 | λ=(0.3, 0.7): 975.1 | λ=(0.5, 0.5): 1499.2 | λ=(0.7, 0.3): 2015.5 | λ=(1.0, 0.0): 2797.4
调用AttentionModel
  Epoch 140 | λ=(0.0, 1.0): 6.3 | λ=(0.3, 0.7): 949.1 | λ=(0.5, 0.5): 1474.9 | λ=(0.7, 0.3): 1985.4 | λ=(1.0, 0.0): 2756.9
调用AttentionModel
  Epoch 145 | λ=(0.0, 1.0): 11.7 | λ=(0.3, 0.7): 959.8 | λ=(0.5, 0.5): 1484.7 | λ=(0.7, 0.3): 1998.0 | λ=(1.0, 0.0): 2760.9
调用AttentionModel
  Epoch 150 | λ=(0.0, 1.0): 8.0 | λ=(0.3, 0.7): 940.5 | λ=(0.5, 0.5): 1464.4 | λ=(0.7, 0.3): 1973.7 | λ=(1.0, 0.0): 2733.2
调用AttentionModel
  Epoch 155 | λ=(0.0, 1.0): 15.9 | λ=(0.3, 0.7): 946.2 | λ=(0.5, 0.5): 1475.6 | λ=(0.7, 0.3): 1989.1 | λ=(1.0, 0.0): 2757.5
调用AttentionModel
  Epoch 160 | λ=(0.0, 1.0): 16.5 | λ=(0.3, 0.7): 933.0 | λ=(0.5, 0.5): 1465.7 | λ=(0.7, 0.3): 1977.7 | λ=(1.0, 0.0): 2735.5
调用AttentionModel
  Epoch 165 | λ=(0.0, 1.0): 15.9 | λ=(0.3, 0.7): 930.1 | λ=(0.5, 0.5): 1462.9 | λ=(0.7, 0.3): 1975.3 | λ=(1.0, 0.0): 2737.5
调用AttentionModel
  Epoch 170 | λ=(0.0, 1.0): 11.0 | λ=(0.3, 0.7): 920.7 | λ=(0.5, 0.5): 1449.0 | λ=(0.7, 0.3): 1957.2 | λ=(1.0, 0.0): 2710.0
调用AttentionModel
  Epoch 175 | λ=(0.0, 1.0): 1.6 | λ=(0.3, 0.7): 918.0 | λ=(0.5, 0.5): 1458.8 | λ=(0.7, 0.3): 1975.8 | λ=(1.0, 0.0): 2746.8
调用AttentionModel
  Epoch 180 | λ=(0.0, 1.0): 7.5 | λ=(0.3, 0.7): 915.1 | λ=(0.5, 0.5): 1451.4 | λ=(0.7, 0.3): 1964.0 | λ=(1.0, 0.0): 2719.3
调用AttentionModel
  Epoch 185 | λ=(0.0, 1.0): 8.7 | λ=(0.3, 0.7): 912.0 | λ=(0.5, 0.5): 1444.8 | λ=(0.7, 0.3): 1958.6 | λ=(1.0, 0.0): 2723.5
调用AttentionModel
  Epoch 190 | λ=(0.0, 1.0): 5.5 | λ=(0.3, 0.7): 915.8 | λ=(0.5, 0.5): 1444.6 | λ=(0.7, 0.3): 1965.1 | λ=(1.0, 0.0): 2740.0
调用AttentionModel
  Epoch 195 | λ=(0.0, 1.0): 11.4 | λ=(0.3, 0.7): 916.8 | λ=(0.5, 0.5): 1446.4 | λ=(0.7, 0.3): 1958.9 | λ=(1.0, 0.0): 2717.5
调用AttentionModel
  Epoch 199 | λ=(0.0, 1.0): 3.0 | λ=(0.3, 0.7): 922.8 | λ=(0.5, 0.5): 1445.2 | λ=(0.7, 0.3): 1954.5 | λ=(1.0, 0.0): 2712.9

============================================================
  Evaluating n=100 (graph_size=100)
============================================================
  [INFO] Using shared test: paretofront/shared_test_100.pkl
调用AttentionModel
  Epoch   0 | λ=(0.0, 1.0): 180.1 | λ=(0.3, 0.7): 2969.7 | λ=(0.5, 0.5): 4505.4 | λ=(0.7, 0.3): 5805.1 | λ=(1.0, 0.0): 7650.9
调用AttentionModel
  Epoch   5 | λ=(0.0, 1.0): 34.5 | λ=(0.3, 0.7): 2943.6 | λ=(0.5, 0.5): 4522.1 | λ=(0.7, 0.3): 5702.3 | λ=(1.0, 0.0): 7571.8
调用AttentionModel
  Epoch  10 | λ=(0.0, 1.0): 156.2 | λ=(0.3, 0.7): 2968.5 | λ=(0.5, 0.5): 4423.4 | λ=(0.7, 0.3): 5685.5 | λ=(1.0, 0.0): 7581.9
调用AttentionModel
  Epoch  15 | λ=(0.0, 1.0): 2.2 | λ=(0.3, 0.7): 2882.4 | λ=(0.5, 0.5): 4364.4 | λ=(0.7, 0.3): 5567.0 | λ=(1.0, 0.0): 7353.3
调用AttentionModel
  Epoch  20 | λ=(0.0, 1.0): 128.2 | λ=(0.3, 0.7): 2850.7 | λ=(0.5, 0.5): 4318.1 | λ=(0.7, 0.3): 5599.3 | λ=(1.0, 0.0): 7419.9
调用AttentionModel
  Epoch  25 | λ=(0.0, 1.0): 13.1 | λ=(0.3, 0.7): 2817.5 | λ=(0.5, 0.5): 4293.2 | λ=(0.7, 0.3): 5552.0 | λ=(1.0, 0.0): 7392.3
调用AttentionModel
  Epoch  30 | λ=(0.0, 1.0): 0.8 | λ=(0.3, 0.7): 2822.7 | λ=(0.5, 0.5): 4261.9 | λ=(0.7, 0.3): 5482.1 | λ=(1.0, 0.0): 7290.6
调用AttentionModel
  Epoch  35 | λ=(0.0, 1.0): 1.3 | λ=(0.3, 0.7): 2810.8 | λ=(0.5, 0.5): 4237.6 | λ=(0.7, 0.3): 5431.4 | λ=(1.0, 0.0): 7205.3
调用AttentionModel
  Epoch  40 | λ=(0.0, 1.0): 2.8 | λ=(0.3, 0.7): 2756.2 | λ=(0.5, 0.5): 4161.8 | λ=(0.7, 0.3): 5356.8 | λ=(1.0, 0.0): 7088.5
调用AttentionModel
  Epoch  45 | λ=(0.0, 1.0): 1.4 | λ=(0.3, 0.7): 2766.7 | λ=(0.5, 0.5): 4136.0 | λ=(0.7, 0.3): 5295.6 | λ=(1.0, 0.0): 6988.0
调用AttentionModel
  Epoch  50 | λ=(0.0, 1.0): 0.1 | λ=(0.3, 0.7): 2778.0 | λ=(0.5, 0.5): 4066.6 | λ=(0.7, 0.3): 5169.8 | λ=(1.0, 0.0): 6827.8
调用AttentionModel
  Epoch  55 | λ=(0.0, 1.0): 1.9 | λ=(0.3, 0.7): 2712.7 | λ=(0.5, 0.5): 3976.8 | λ=(0.7, 0.3): 5045.7 | λ=(1.0, 0.0): 6644.9
调用AttentionModel
  Epoch  60 | λ=(0.0, 1.0): 0.7 | λ=(0.3, 0.7): 2781.7 | λ=(0.5, 0.5): 4033.2 | λ=(0.7, 0.3): 5015.2 | λ=(1.0, 0.0): 6596.3
调用AttentionModel
  Epoch  65 | λ=(0.0, 1.0): 14.3 | λ=(0.3, 0.7): 2628.8 | λ=(0.5, 0.5): 3861.2 | λ=(0.7, 0.3): 4912.6 | λ=(1.0, 0.0): 6463.9
调用AttentionModel
  Epoch  70 | λ=(0.0, 1.0): 3.0 | λ=(0.3, 0.7): 2642.6 | λ=(0.5, 0.5): 3836.9 | λ=(0.7, 0.3): 4882.1 | λ=(1.0, 0.0): 6421.8
调用AttentionModel
  Epoch  75 | λ=(0.0, 1.0): 9.7 | λ=(0.3, 0.7): 2573.2 | λ=(0.5, 0.5): 3769.9 | λ=(0.7, 0.3): 4814.1 | λ=(1.0, 0.0): 6330.3
调用AttentionModel
  Epoch  80 | λ=(0.0, 1.0): 1.6 | λ=(0.3, 0.7): 2584.5 | λ=(0.5, 0.5): 3760.2 | λ=(0.7, 0.3): 4812.8 | λ=(1.0, 0.0): 6388.3
调用AttentionModel
  Epoch  85 | λ=(0.0, 1.0): 2.9 | λ=(0.3, 0.7): 2520.4 | λ=(0.5, 0.5): 3649.8 | λ=(0.7, 0.3): 4703.2 | λ=(1.0, 0.0): 6210.1
调用AttentionModel
  Epoch  90 | λ=(0.0, 1.0): 42.1 | λ=(0.3, 0.7): 2386.3 | λ=(0.5, 0.5): 3518.8 | λ=(0.7, 0.3): 4567.4 | λ=(1.0, 0.0): 6077.0
调用AttentionModel
  Epoch  95 | λ=(0.0, 1.0): 3.4 | λ=(0.3, 0.7): 2372.6 | λ=(0.5, 0.5): 3411.9 | λ=(0.7, 0.3): 4430.0 | λ=(1.0, 0.0): 5932.8
调用AttentionModel
  Epoch 100 | λ=(0.0, 1.0): 1.4 | λ=(0.3, 0.7): 2330.4 | λ=(0.5, 0.5): 3317.3 | λ=(0.7, 0.3): 4308.4 | λ=(1.0, 0.0): 5823.5
调用AttentionModel
  Epoch 105 | λ=(0.0, 1.0): 0.6 | λ=(0.3, 0.7): 2529.4 | λ=(0.5, 0.5): 3504.7 | λ=(0.7, 0.3): 4515.8 | λ=(1.0, 0.0): 6039.8
调用AttentionModel
  Epoch 110 | λ=(0.0, 1.0): 12.5 | λ=(0.3, 0.7): 2275.6 | λ=(0.5, 0.5): 3288.6 | λ=(0.7, 0.3): 4288.6 | λ=(1.0, 0.0): 5769.1
调用AttentionModel
  Epoch 115 | λ=(0.0, 1.0): 42.4 | λ=(0.3, 0.7): 2212.4 | λ=(0.5, 0.5): 3176.4 | λ=(0.7, 0.3): 4109.7 | λ=(1.0, 0.0): 5501.9
调用AttentionModel
  Epoch 120 | λ=(0.0, 1.0): 28.0 | λ=(0.3, 0.7): 2203.1 | λ=(0.5, 0.5): 3244.6 | λ=(0.7, 0.3): 4225.9 | λ=(1.0, 0.0): 5682.0
调用AttentionModel
  Epoch 125 | λ=(0.0, 1.0): 1.2 | λ=(0.3, 0.7): 2329.9 | λ=(0.5, 0.5): 3210.6 | λ=(0.7, 0.3): 4131.7 | λ=(1.0, 0.0): 5504.8
调用AttentionModel
  Epoch 130 | λ=(0.0, 1.0): 33.8 | λ=(0.3, 0.7): 2150.5 | λ=(0.5, 0.5): 3151.6 | λ=(0.7, 0.3): 4098.7 | λ=(1.0, 0.0): 5485.4
调用AttentionModel
  Epoch 135 | λ=(0.0, 1.0): 27.4 | λ=(0.3, 0.7): 2081.3 | λ=(0.5, 0.5): 3042.6 | λ=(0.7, 0.3): 3960.5 | λ=(1.0, 0.0): 5339.0
调用AttentionModel
  Epoch 140 | λ=(0.0, 1.0): 8.4 | λ=(0.3, 0.7): 2187.6 | λ=(0.5, 0.5): 3238.5 | λ=(0.7, 0.3): 4248.5 | λ=(1.0, 0.0): 5693.5
调用AttentionModel
  Epoch 145 | λ=(0.0, 1.0): 5.9 | λ=(0.3, 0.7): 2108.8 | λ=(0.5, 0.5): 3055.2 | λ=(0.7, 0.3): 3967.3 | λ=(1.0, 0.0): 5315.5
调用AttentionModel
  Epoch 150 | λ=(0.0, 1.0): 3.7 | λ=(0.3, 0.7): 2113.9 | λ=(0.5, 0.5): 3061.1 | λ=(0.7, 0.3): 3983.2 | λ=(1.0, 0.0): 5320.7
调用AttentionModel
  Epoch 155 | λ=(0.0, 1.0): 1.3 | λ=(0.3, 0.7): 2093.4 | λ=(0.5, 0.5): 3054.7 | λ=(0.7, 0.3): 3988.8 | λ=(1.0, 0.0): 5380.8
调用AttentionModel
  Epoch 160 | λ=(0.0, 1.0): 161.1 | λ=(0.3, 0.7): 2172.8 | λ=(0.5, 0.5): 3098.3 | λ=(0.7, 0.3): 3986.5 | λ=(1.0, 0.0): 5320.6
调用AttentionModel
  Epoch 165 | λ=(0.0, 1.0): 5.7 | λ=(0.3, 0.7): 2092.1 | λ=(0.5, 0.5): 3025.3 | λ=(0.7, 0.3): 3927.4 | λ=(1.0, 0.0): 5281.1
调用AttentionModel
  Epoch 170 | λ=(0.0, 1.0): 66.8 | λ=(0.3, 0.7): 2029.0 | λ=(0.5, 0.5): 2967.9 | λ=(0.7, 0.3): 3864.6 | λ=(1.0, 0.0): 5204.6
调用AttentionModel
  Epoch 175 | λ=(0.0, 1.0): 35.1 | λ=(0.3, 0.7): 1991.2 | λ=(0.5, 0.5): 2923.9 | λ=(0.7, 0.3): 3810.0 | λ=(1.0, 0.0): 5126.2
调用AttentionModel
  Epoch 180 | λ=(0.0, 1.0): 3.2 | λ=(0.3, 0.7): 2016.3 | λ=(0.5, 0.5): 2931.5 | λ=(0.7, 0.3): 3833.0 | λ=(1.0, 0.0): 5178.5
调用AttentionModel
  Epoch 185 | λ=(0.0, 1.0): 19.8 | λ=(0.3, 0.7): 1945.3 | λ=(0.5, 0.5): 2882.4 | λ=(0.7, 0.3): 3770.0 | λ=(1.0, 0.0): 5074.4
调用AttentionModel
  Epoch 190 | λ=(0.0, 1.0): 11.5 | λ=(0.3, 0.7): 1902.9 | λ=(0.5, 0.5): 2839.2 | λ=(0.7, 0.3): 3710.3 | λ=(1.0, 0.0): 4987.7
调用AttentionModel
  Epoch 195 | λ=(0.0, 1.0): 54.4 | λ=(0.3, 0.7): 1913.3 | λ=(0.5, 0.5): 2852.1 | λ=(0.7, 0.3): 3715.6 | λ=(1.0, 0.0): 4997.5
调用AttentionModel
  Epoch 199 | λ=(0.0, 1.0): 12.8 | λ=(0.3, 0.7): 1920.6 | λ=(0.5, 0.5): 2872.8 | λ=(0.7, 0.3): 3743.3 | λ=(1.0, 0.0): 5027.1
[INFO] Cached results to /gpfs/home4/ltan/HHC/visualization/../paretofront/convergence_data.pkl

[OK] Saved plot to: images/convergence/50_100_200ep.png

============================================================
Convergence plot completed. Total runtime: 0h 45m 22s (2722.4s)
============================================================

Plot saved to: images/convergence/50_100_200ep.png
