=== Regenerating convergence plot with latest data ===
Using checkpoint dir: outputs/agh_50/train_raw_50_20260228T011907
[INFO] Using device: cuda

============================================================
  Evaluating n=50 (graph_size=50)
============================================================
调用AttentionModel
  Epoch   0 | λ=(0.0, 1.0): 84.8 | λ=(0.3, 0.7): 1462.6 | λ=(0.5, 0.5): 2235.8 | λ=(0.7, 0.3): 2932.6 | λ=(1.0, 0.0): 3948.9
调用AttentionModel
  Epoch   1 | λ=(0.0, 1.0): 30.1 | λ=(0.3, 0.7): 1459.7 | λ=(0.5, 0.5): 2225.9 | λ=(0.7, 0.3): 2912.8 | λ=(1.0, 0.0): 3932.1
调用AttentionModel
  Epoch   2 | λ=(0.0, 1.0): 3.7 | λ=(0.3, 0.7): 1462.0 | λ=(0.5, 0.5): 2218.0 | λ=(0.7, 0.3): 2880.4 | λ=(1.0, 0.0): 3907.5
调用AttentionModel
  Epoch   3 | λ=(0.0, 1.0): 4.3 | λ=(0.3, 0.7): 1457.8 | λ=(0.5, 0.5): 2212.8 | λ=(0.7, 0.3): 2877.4 | λ=(1.0, 0.0): 3907.5
调用AttentionModel
  Epoch   4 | λ=(0.0, 1.0): 7.5 | λ=(0.3, 0.7): 1453.9 | λ=(0.5, 0.5): 2188.7 | λ=(0.7, 0.3): 2861.2 | λ=(1.0, 0.0): 3884.7
调用AttentionModel
  Epoch   5 | λ=(0.0, 1.0): 2.4 | λ=(0.3, 0.7): 1446.5 | λ=(0.5, 0.5): 2189.1 | λ=(0.7, 0.3): 2846.1 | λ=(1.0, 0.0): 3852.3
调用AttentionModel
  Epoch   6 | λ=(0.0, 1.0): 6.7 | λ=(0.3, 0.7): 1440.1 | λ=(0.5, 0.5): 2176.8 | λ=(0.7, 0.3): 2839.0 | λ=(1.0, 0.0): 3840.6
调用AttentionModel
  Epoch   7 | λ=(0.0, 1.0): 0.9 | λ=(0.3, 0.7): 1441.2 | λ=(0.5, 0.5): 2194.3 | λ=(0.7, 0.3): 2838.7 | λ=(1.0, 0.0): 3836.4
调用AttentionModel
  Epoch   8 | λ=(0.0, 1.0): 0.3 | λ=(0.3, 0.7): 1437.9 | λ=(0.5, 0.5): 2171.6 | λ=(0.7, 0.3): 2827.3 | λ=(1.0, 0.0): 3821.1
调用AttentionModel
  Epoch   9 | λ=(0.0, 1.0): 0.6 | λ=(0.3, 0.7): 1429.0 | λ=(0.5, 0.5): 2163.6 | λ=(0.7, 0.3): 2811.6 | λ=(1.0, 0.0): 3801.6
调用AttentionModel
  Epoch  10 | λ=(0.0, 1.0): 0.6 | λ=(0.3, 0.7): 1432.4 | λ=(0.5, 0.5): 2169.0 | λ=(0.7, 0.3): 2821.7 | λ=(1.0, 0.0): 3815.9
调用AttentionModel
  Epoch  11 | λ=(0.0, 1.0): 1.0 | λ=(0.3, 0.7): 1423.5 | λ=(0.5, 0.5): 2154.1 | λ=(0.7, 0.3): 2801.0 | λ=(1.0, 0.0): 3796.7
调用AttentionModel
  Epoch  12 | λ=(0.0, 1.0): 0.4 | λ=(0.3, 0.7): 1428.0 | λ=(0.5, 0.5): 2161.8 | λ=(0.7, 0.3): 2801.8 | λ=(1.0, 0.0): 3803.3
调用AttentionModel
  Epoch  13 | λ=(0.0, 1.0): 9.2 | λ=(0.3, 0.7): 1418.9 | λ=(0.5, 0.5): 2133.2 | λ=(0.7, 0.3): 2802.7 | λ=(1.0, 0.0): 3791.1
调用AttentionModel
  Epoch  14 | λ=(0.0, 1.0): 1.0 | λ=(0.3, 0.7): 1421.0 | λ=(0.5, 0.5): 2140.4 | λ=(0.7, 0.3): 2785.2 | λ=(1.0, 0.0): 3775.6
调用AttentionModel
  Epoch  15 | λ=(0.0, 1.0): 2.8 | λ=(0.3, 0.7): 1418.5 | λ=(0.5, 0.5): 2113.7 | λ=(0.7, 0.3): 2754.1 | λ=(1.0, 0.0): 3740.2
调用AttentionModel
  Epoch  16 | λ=(0.0, 1.0): 1.5 | λ=(0.3, 0.7): 1398.6 | λ=(0.5, 0.5): 2103.1 | λ=(0.7, 0.3): 2741.8 | λ=(1.0, 0.0): 3715.8
调用AttentionModel
  Epoch  17 | λ=(0.0, 1.0): 10.1 | λ=(0.3, 0.7): 1387.9 | λ=(0.5, 0.5): 2081.3 | λ=(0.7, 0.3): 2723.7 | λ=(1.0, 0.0): 3684.5
调用AttentionModel
  Epoch  18 | λ=(0.0, 1.0): 7.1 | λ=(0.3, 0.7): 1378.0 | λ=(0.5, 0.5): 2077.7 | λ=(0.7, 0.3): 2719.7 | λ=(1.0, 0.0): 3679.9
调用AttentionModel
  Epoch  19 | λ=(0.0, 1.0): 4.9 | λ=(0.3, 0.7): 1373.7 | λ=(0.5, 0.5): 2061.5 | λ=(0.7, 0.3): 2701.5 | λ=(1.0, 0.0): 3653.7
调用AttentionModel
  Epoch  20 | λ=(0.0, 1.0): 0.7 | λ=(0.3, 0.7): 1383.8 | λ=(0.5, 0.5): 2058.3 | λ=(0.7, 0.3): 2682.4 | λ=(1.0, 0.0): 3632.3
调用AttentionModel
  Epoch  21 | λ=(0.0, 1.0): 0.7 | λ=(0.3, 0.7): 1389.4 | λ=(0.5, 0.5): 2074.3 | λ=(0.7, 0.3): 2696.8 | λ=(1.0, 0.0): 3665.0
调用AttentionModel
  Epoch  22 | λ=(0.0, 1.0): 2.1 | λ=(0.3, 0.7): 1382.0 | λ=(0.5, 0.5): 2060.3 | λ=(0.7, 0.3): 2677.9 | λ=(1.0, 0.0): 3618.5
调用AttentionModel
  Epoch  23 | λ=(0.0, 1.0): 2.5 | λ=(0.3, 0.7): 1370.3 | λ=(0.5, 0.5): 2050.2 | λ=(0.7, 0.3): 2687.4 | λ=(1.0, 0.0): 3635.9
调用AttentionModel
  Epoch  24 | λ=(0.0, 1.0): 0.3 | λ=(0.3, 0.7): 1384.5 | λ=(0.5, 0.5): 2078.8 | λ=(0.7, 0.3): 2659.6 | λ=(1.0, 0.0): 3594.1
调用AttentionModel
  Epoch  25 | λ=(0.0, 1.0): 3.6 | λ=(0.3, 0.7): 1351.7 | λ=(0.5, 0.5): 2025.8 | λ=(0.7, 0.3): 2639.1 | λ=(1.0, 0.0): 3585.9
调用AttentionModel
  Epoch  26 | λ=(0.0, 1.0): 4.1 | λ=(0.3, 0.7): 1340.8 | λ=(0.5, 0.5): 2021.5 | λ=(0.7, 0.3): 2641.7 | λ=(1.0, 0.0): 3574.9
调用AttentionModel
  Epoch  27 | λ=(0.0, 1.0): 5.6 | λ=(0.3, 0.7): 1347.4 | λ=(0.5, 0.5): 2025.0 | λ=(0.7, 0.3): 2631.0 | λ=(1.0, 0.0): 3547.4
调用AttentionModel
  Epoch  28 | λ=(0.0, 1.0): 1.4 | λ=(0.3, 0.7): 1352.2 | λ=(0.5, 0.5): 2014.4 | λ=(0.7, 0.3): 2613.7 | λ=(1.0, 0.0): 3531.0
调用AttentionModel
  Epoch  29 | λ=(0.0, 1.0): 5.2 | λ=(0.3, 0.7): 1338.3 | λ=(0.5, 0.5): 1986.6 | λ=(0.7, 0.3): 2602.6 | λ=(1.0, 0.0): 3532.9
调用AttentionModel
  Epoch  30 | λ=(0.0, 1.0): 17.6 | λ=(0.3, 0.7): 1326.2 | λ=(0.5, 0.5): 1976.4 | λ=(0.7, 0.3): 2569.8 | λ=(1.0, 0.0): 3483.1
调用AttentionModel
  Epoch  31 | λ=(0.0, 1.0): 4.7 | λ=(0.3, 0.7): 1330.3 | λ=(0.5, 0.5): 1968.1 | λ=(0.7, 0.3): 2576.2 | λ=(1.0, 0.0): 3486.8
调用AttentionModel
  Epoch  32 | λ=(0.0, 1.0): 0.9 | λ=(0.3, 0.7): 1330.8 | λ=(0.5, 0.5): 1964.5 | λ=(0.7, 0.3): 2566.6 | λ=(1.0, 0.0): 3482.7
调用AttentionModel
  Epoch  33 | λ=(0.0, 1.0): 7.4 | λ=(0.3, 0.7): 1322.0 | λ=(0.5, 0.5): 1962.8 | λ=(0.7, 0.3): 2560.8 | λ=(1.0, 0.0): 3464.6
调用AttentionModel
  Epoch  34 | λ=(0.0, 1.0): 40.1 | λ=(0.3, 0.7): 1327.5 | λ=(0.5, 0.5): 1963.1 | λ=(0.7, 0.3): 2559.3 | λ=(1.0, 0.0): 3455.1
调用AttentionModel
  Epoch  35 | λ=(0.0, 1.0): 1.8 | λ=(0.3, 0.7): 1334.6 | λ=(0.5, 0.5): 1970.0 | λ=(0.7, 0.3): 2553.1 | λ=(1.0, 0.0): 3462.9
调用AttentionModel
  Epoch  36 | λ=(0.0, 1.0): 35.0 | λ=(0.3, 0.7): 1316.1 | λ=(0.5, 0.5): 1954.3 | λ=(0.7, 0.3): 2547.8 | λ=(1.0, 0.0): 3448.3
调用AttentionModel
  Epoch  37 | λ=(0.0, 1.0): 0.9 | λ=(0.3, 0.7): 1322.1 | λ=(0.5, 0.5): 1943.6 | λ=(0.7, 0.3): 2536.2 | λ=(1.0, 0.0): 3466.4
调用AttentionModel
  Epoch  38 | λ=(0.0, 1.0): 4.4 | λ=(0.3, 0.7): 1305.3 | λ=(0.5, 0.5): 1942.0 | λ=(0.7, 0.3): 2527.6 | λ=(1.0, 0.0): 3421.7
调用AttentionModel
  Epoch  39 | λ=(0.0, 1.0): 8.3 | λ=(0.3, 0.7): 1288.3 | λ=(0.5, 0.5): 1928.4 | λ=(0.7, 0.3): 2525.4 | λ=(1.0, 0.0): 3425.9
调用AttentionModel
  Epoch  40 | λ=(0.0, 1.0): 18.7 | λ=(0.3, 0.7): 1281.6 | λ=(0.5, 0.5): 1906.6 | λ=(0.7, 0.3): 2492.5 | λ=(1.0, 0.0): 3374.8
调用AttentionModel
  Epoch  41 | λ=(0.0, 1.0): 7.6 | λ=(0.3, 0.7): 1287.7 | λ=(0.5, 0.5): 1899.6 | λ=(0.7, 0.3): 2491.2 | λ=(1.0, 0.0): 3373.2
调用AttentionModel
  Epoch  42 | λ=(0.0, 1.0): 3.3 | λ=(0.3, 0.7): 1272.4 | λ=(0.5, 0.5): 1893.0 | λ=(0.7, 0.3): 2494.5 | λ=(1.0, 0.0): 3389.6
调用AttentionModel
  Epoch  43 | λ=(0.0, 1.0): 20.1 | λ=(0.3, 0.7): 1242.5 | λ=(0.5, 0.5): 1879.1 | λ=(0.7, 0.3): 2478.6 | λ=(1.0, 0.0): 3358.5
调用AttentionModel
  Epoch  44 | λ=(0.0, 1.0): 23.4 | λ=(0.3, 0.7): 1226.2 | λ=(0.5, 0.5): 1829.7 | λ=(0.7, 0.3): 2414.2 | λ=(1.0, 0.0): 3302.4
调用AttentionModel
  Epoch  45 | λ=(0.0, 1.0): 1.0 | λ=(0.3, 0.7): 1332.8 | λ=(0.5, 0.5): 1899.9 | λ=(0.7, 0.3): 2420.6 | λ=(1.0, 0.0): 3301.6
调用AttentionModel
  Epoch  46 | λ=(0.0, 1.0): 14.2 | λ=(0.3, 0.7): 1212.7 | λ=(0.5, 0.5): 1826.9 | λ=(0.7, 0.3): 2428.8 | λ=(1.0, 0.0): 3306.8
调用AttentionModel
  Epoch  47 | λ=(0.0, 1.0): 34.2 | λ=(0.3, 0.7): 1203.0 | λ=(0.5, 0.5): 1792.5 | λ=(0.7, 0.3): 2372.9 | λ=(1.0, 0.0): 3246.4
调用AttentionModel
  Epoch  48 | λ=(0.0, 1.0): 16.0 | λ=(0.3, 0.7): 1202.6 | λ=(0.5, 0.5): 1811.2 | λ=(0.7, 0.3): 2402.6 | λ=(1.0, 0.0): 3280.8
调用AttentionModel
  Epoch  49 | λ=(0.0, 1.0): 30.2 | λ=(0.3, 0.7): 1182.2 | λ=(0.5, 0.5): 1768.4 | λ=(0.7, 0.3): 2345.6 | λ=(1.0, 0.0): 3215.2
调用AttentionModel
  Epoch  50 | λ=(0.0, 1.0): 5.6 | λ=(0.3, 0.7): 1194.2 | λ=(0.5, 0.5): 1767.6 | λ=(0.7, 0.3): 2341.6 | λ=(1.0, 0.0): 3212.2
调用AttentionModel
  Epoch  51 | λ=(0.0, 1.0): 82.4 | λ=(0.3, 0.7): 1230.3 | λ=(0.5, 0.5): 1816.0 | λ=(0.7, 0.3): 2386.0 | λ=(1.0, 0.0): 3242.5
调用AttentionModel
  Epoch  52 | λ=(0.0, 1.0): 10.2 | λ=(0.3, 0.7): 1190.8 | λ=(0.5, 0.5): 1751.1 | λ=(0.7, 0.3): 2308.5 | λ=(1.0, 0.0): 3167.5
调用AttentionModel
  Epoch  53 | λ=(0.0, 1.0): 11.3 | λ=(0.3, 0.7): 1182.8 | λ=(0.5, 0.5): 1755.9 | λ=(0.7, 0.3): 2327.5 | λ=(1.0, 0.0): 3193.0
调用AttentionModel
  Epoch  54 | λ=(0.0, 1.0): 12.0 | λ=(0.3, 0.7): 1165.4 | λ=(0.5, 0.5): 1740.5 | λ=(0.7, 0.3): 2315.0 | λ=(1.0, 0.0): 3173.5
调用AttentionModel
  Epoch  55 | λ=(0.0, 1.0): 7.7 | λ=(0.3, 0.7): 1165.1 | λ=(0.5, 0.5): 1741.9 | λ=(0.7, 0.3): 2324.6 | λ=(1.0, 0.0): 3208.9
调用AttentionModel
  Epoch  56 | λ=(0.0, 1.0): 18.3 | λ=(0.3, 0.7): 1145.4 | λ=(0.5, 0.5): 1728.2 | λ=(0.7, 0.3): 2300.3 | λ=(1.0, 0.0): 3158.3
调用AttentionModel
  Epoch  57 | λ=(0.0, 1.0): 26.7 | λ=(0.3, 0.7): 1205.2 | λ=(0.5, 0.5): 1772.8 | λ=(0.7, 0.3): 2313.2 | λ=(1.0, 0.0): 3141.0
调用AttentionModel
  Epoch  58 | λ=(0.0, 1.0): 37.8 | λ=(0.3, 0.7): 1170.3 | λ=(0.5, 0.5): 1736.0 | λ=(0.7, 0.3): 2303.6 | λ=(1.0, 0.0): 3160.6
调用AttentionModel
  Epoch  59 | λ=(0.0, 1.0): 2.9 | λ=(0.3, 0.7): 1150.2 | λ=(0.5, 0.5): 1712.7 | λ=(0.7, 0.3): 2275.3 | λ=(1.0, 0.0): 3122.4
调用AttentionModel
  Epoch  60 | λ=(0.0, 1.0): 43.2 | λ=(0.3, 0.7): 1155.5 | λ=(0.5, 0.5): 1721.0 | λ=(0.7, 0.3): 2286.5 | λ=(1.0, 0.0): 3153.2
调用AttentionModel
  Epoch  61 | λ=(0.0, 1.0): 9.1 | λ=(0.3, 0.7): 1191.9 | λ=(0.5, 0.5): 1744.1 | λ=(0.7, 0.3): 2285.8 | λ=(1.0, 0.0): 3116.5
调用AttentionModel
  Epoch  62 | λ=(0.0, 1.0): 14.2 | λ=(0.3, 0.7): 1130.8 | λ=(0.5, 0.5): 1705.3 | λ=(0.7, 0.3): 2261.8 | λ=(1.0, 0.0): 3113.7
调用AttentionModel
  Epoch  63 | λ=(0.0, 1.0): 18.3 | λ=(0.3, 0.7): 1167.3 | λ=(0.5, 0.5): 1718.4 | λ=(0.7, 0.3): 2276.0 | λ=(1.0, 0.0): 3131.7
调用AttentionModel
  Epoch  64 | λ=(0.0, 1.0): 20.8 | λ=(0.3, 0.7): 1160.2 | λ=(0.5, 0.5): 1738.8 | λ=(0.7, 0.3): 2302.4 | λ=(1.0, 0.0): 3190.3
调用AttentionModel
  Epoch  65 | λ=(0.0, 1.0): 2.8 | λ=(0.3, 0.7): 1180.2 | λ=(0.5, 0.5): 1721.8 | λ=(0.7, 0.3): 2274.6 | λ=(1.0, 0.0): 3115.5
调用AttentionModel
  Epoch  66 | λ=(0.0, 1.0): 3.4 | λ=(0.3, 0.7): 1169.8 | λ=(0.5, 0.5): 1715.0 | λ=(0.7, 0.3): 2271.2 | λ=(1.0, 0.0): 3111.2
调用AttentionModel
  Epoch  67 | λ=(0.0, 1.0): 7.4 | λ=(0.3, 0.7): 1129.0 | λ=(0.5, 0.5): 1698.8 | λ=(0.7, 0.3): 2253.8 | λ=(1.0, 0.0): 3091.4
调用AttentionModel
  Epoch  68 | λ=(0.0, 1.0): 16.2 | λ=(0.3, 0.7): 1121.6 | λ=(0.5, 0.5): 1691.0 | λ=(0.7, 0.3): 2256.1 | λ=(1.0, 0.0): 3150.2
调用AttentionModel
  Epoch  69 | λ=(0.0, 1.0): 5.1 | λ=(0.3, 0.7): 1124.5 | λ=(0.5, 0.5): 1678.6 | λ=(0.7, 0.3): 2229.2 | λ=(1.0, 0.0): 3058.5
调用AttentionModel
  Epoch  70 | λ=(0.0, 1.0): 7.7 | λ=(0.3, 0.7): 1109.7 | λ=(0.5, 0.5): 1664.7 | λ=(0.7, 0.3): 2214.0 | λ=(1.0, 0.0): 3034.2
调用AttentionModel
  Epoch  71 | λ=(0.0, 1.0): 6.7 | λ=(0.3, 0.7): 1140.8 | λ=(0.5, 0.5): 1683.1 | λ=(0.7, 0.3): 2235.7 | λ=(1.0, 0.0): 3081.9
调用AttentionModel
  Epoch  72 | λ=(0.0, 1.0): 25.2 | λ=(0.3, 0.7): 1147.9 | λ=(0.5, 0.5): 1701.6 | λ=(0.7, 0.3): 2252.4 | λ=(1.0, 0.0): 3095.6
调用AttentionModel
  Epoch  73 | λ=(0.0, 1.0): 62.1 | λ=(0.3, 0.7): 1127.1 | λ=(0.5, 0.5): 1691.7 | λ=(0.7, 0.3): 2240.4 | λ=(1.0, 0.0): 3074.6
调用AttentionModel
  Epoch  74 | λ=(0.0, 1.0): 11.8 | λ=(0.3, 0.7): 1119.6 | λ=(0.5, 0.5): 1695.7 | λ=(0.7, 0.3): 2257.5 | λ=(1.0, 0.0): 3114.8
调用AttentionModel
  Epoch  75 | λ=(0.0, 1.0): 22.9 | λ=(0.3, 0.7): 1121.2 | λ=(0.5, 0.5): 1701.1 | λ=(0.7, 0.3): 2275.1 | λ=(1.0, 0.0): 3142.0
调用AttentionModel
  Epoch  76 | λ=(0.0, 1.0): 1.0 | λ=(0.3, 0.7): 1149.2 | λ=(0.5, 0.5): 1711.1 | λ=(0.7, 0.3): 2277.6 | λ=(1.0, 0.0): 3130.2
调用AttentionModel
  Epoch  77 | λ=(0.0, 1.0): 14.1 | λ=(0.3, 0.7): 1119.8 | λ=(0.5, 0.5): 1685.5 | λ=(0.7, 0.3): 2236.1 | λ=(1.0, 0.0): 3063.5
调用AttentionModel
  Epoch  78 | λ=(0.0, 1.0): 15.8 | λ=(0.3, 0.7): 1116.1 | λ=(0.5, 0.5): 1690.8 | λ=(0.7, 0.3): 2248.1 | λ=(1.0, 0.0): 3083.4
调用AttentionModel
  Epoch  79 | λ=(0.0, 1.0): 2.6 | λ=(0.3, 0.7): 1136.2 | λ=(0.5, 0.5): 1734.0 | λ=(0.7, 0.3): 2305.0 | λ=(1.0, 0.0): 3139.5
调用AttentionModel
  Epoch  80 | λ=(0.0, 1.0): 10.6 | λ=(0.3, 0.7): 1128.7 | λ=(0.5, 0.5): 1697.0 | λ=(0.7, 0.3): 2256.1 | λ=(1.0, 0.0): 3092.7
调用AttentionModel
  Epoch  81 | λ=(0.0, 1.0): 44.1 | λ=(0.3, 0.7): 1111.9 | λ=(0.5, 0.5): 1700.6 | λ=(0.7, 0.3): 2280.1 | λ=(1.0, 0.0): 3145.3
调用AttentionModel
  Epoch  82 | λ=(0.0, 1.0): 25.5 | λ=(0.3, 0.7): 1126.2 | λ=(0.5, 0.5): 1715.9 | λ=(0.7, 0.3): 2296.1 | λ=(1.0, 0.0): 3167.3
调用AttentionModel
  Epoch  83 | λ=(0.0, 1.0): 11.4 | λ=(0.3, 0.7): 1130.5 | λ=(0.5, 0.5): 1715.4 | λ=(0.7, 0.3): 2290.2 | λ=(1.0, 0.0): 3160.8
调用AttentionModel
  Epoch  84 | λ=(0.0, 1.0): 17.8 | λ=(0.3, 0.7): 1139.0 | λ=(0.5, 0.5): 1711.4 | λ=(0.7, 0.3): 2268.0 | λ=(1.0, 0.0): 3104.2
调用AttentionModel
  Epoch  85 | λ=(0.0, 1.0): 6.5 | λ=(0.3, 0.7): 1125.3 | λ=(0.5, 0.5): 1701.0 | λ=(0.7, 0.3): 2253.7 | λ=(1.0, 0.0): 3088.1
调用AttentionModel
  Epoch  86 | λ=(0.0, 1.0): 65.2 | λ=(0.3, 0.7): 1142.6 | λ=(0.5, 0.5): 1688.4 | λ=(0.7, 0.3): 2215.8 | λ=(1.0, 0.0): 3032.1
调用AttentionModel
  Epoch  87 | λ=(0.0, 1.0): 0.8 | λ=(0.3, 0.7): 1168.2 | λ=(0.5, 0.5): 1708.2 | λ=(0.7, 0.3): 2261.8 | λ=(1.0, 0.0): 3082.3
调用AttentionModel
  Epoch  88 | λ=(0.0, 1.0): 22.1 | λ=(0.3, 0.7): 1095.2 | λ=(0.5, 0.5): 1645.5 | λ=(0.7, 0.3): 2185.8 | λ=(1.0, 0.0): 2995.6
调用AttentionModel
  Epoch  89 | λ=(0.0, 1.0): 70.2 | λ=(0.3, 0.7): 1090.7 | λ=(0.5, 0.5): 1643.0 | λ=(0.7, 0.3): 2189.5 | λ=(1.0, 0.0): 3003.8
调用AttentionModel
  Epoch  90 | λ=(0.0, 1.0): 21.5 | λ=(0.3, 0.7): 1080.8 | λ=(0.5, 0.5): 1631.7 | λ=(0.7, 0.3): 2172.8 | λ=(1.0, 0.0): 2986.1
调用AttentionModel
  Epoch  91 | λ=(0.0, 1.0): 16.9 | λ=(0.3, 0.7): 1069.6 | λ=(0.5, 0.5): 1615.6 | λ=(0.7, 0.3): 2153.5 | λ=(1.0, 0.0): 2963.9
调用AttentionModel
  Epoch  92 | λ=(0.0, 1.0): 38.4 | λ=(0.3, 0.7): 1071.5 | λ=(0.5, 0.5): 1624.8 | λ=(0.7, 0.3): 2165.9 | λ=(1.0, 0.0): 2977.4
调用AttentionModel
  Epoch  93 | λ=(0.0, 1.0): 32.6 | λ=(0.3, 0.7): 1065.9 | λ=(0.5, 0.5): 1617.9 | λ=(0.7, 0.3): 2160.3 | λ=(1.0, 0.0): 2971.4
调用AttentionModel
  Epoch  94 | λ=(0.0, 1.0): 29.9 | λ=(0.3, 0.7): 1068.3 | λ=(0.5, 0.5): 1618.9 | λ=(0.7, 0.3): 2155.9 | λ=(1.0, 0.0): 2961.8
调用AttentionModel
  Epoch  95 | λ=(0.0, 1.0): 0.3 | λ=(0.3, 0.7): 1090.9 | λ=(0.5, 0.5): 1604.8 | λ=(0.7, 0.3): 2140.8 | λ=(1.0, 0.0): 2941.9
调用AttentionModel
  Epoch  96 | λ=(0.0, 1.0): 85.8 | λ=(0.3, 0.7): 1053.8 | λ=(0.5, 0.5): 1602.3 | λ=(0.7, 0.3): 2139.1 | λ=(1.0, 0.0): 2942.6
调用AttentionModel
  Epoch  97 | λ=(0.0, 1.0): 75.8 | λ=(0.3, 0.7): 1060.5 | λ=(0.5, 0.5): 1595.1 | λ=(0.7, 0.3): 2129.0 | λ=(1.0, 0.0): 2935.0
调用AttentionModel
  Epoch  98 | λ=(0.0, 1.0): 12.0 | λ=(0.3, 0.7): 1058.4 | λ=(0.5, 0.5): 1609.6 | λ=(0.7, 0.3): 2147.5 | λ=(1.0, 0.0): 2950.9
调用AttentionModel
  Epoch  99 | λ=(0.0, 1.0): 1.1 | λ=(0.3, 0.7): 1066.0 | λ=(0.5, 0.5): 1606.1 | λ=(0.7, 0.3): 2151.2 | λ=(1.0, 0.0): 2969.1
[INFO] Cached results to /gpfs/home4/ltan/HHC/visualization/../paretofront/convergence_data.pkl

[OK] Saved plot to: /gpfs/home4/ltan/HHC/visualization/../images/convergence/convergence.png

Plot saved to: images/convergence/convergence.png
