=== MOEA/D n=50 (shared_test_50.pkl, 1000 instances) ===
Loading instances from paretofront/shared_test_50.pkl
MOEA/D: 101 weight vectors, n_gen=500, T=3
Evaluating on 1000 instances
  Instance 1/1000
  Instance 10/1000
  Instance 20/1000
  Instance 30/1000
  Instance 40/1000
  Instance 50/1000
  Instance 60/1000
  Instance 70/1000
  Instance 80/1000
  Instance 90/1000
  Instance 100/1000
  Instance 110/1000
  Instance 120/1000
  Instance 130/1000
  Instance 140/1000
  Instance 150/1000
  Instance 160/1000
  Instance 170/1000
  Instance 180/1000
  Instance 190/1000
  Instance 200/1000
  Instance 210/1000
  Instance 220/1000
  Instance 230/1000
  Instance 240/1000
  Instance 250/1000
  Instance 260/1000
  Instance 270/1000
  Instance 280/1000
  Instance 290/1000
  Instance 300/1000
  Instance 310/1000
  Instance 320/1000
  Instance 330/1000
  Instance 340/1000
  Instance 350/1000
  Instance 360/1000
  Instance 370/1000
  Instance 380/1000
  Instance 390/1000
  Instance 400/1000
  Instance 410/1000
  Instance 420/1000
  Instance 430/1000
  Instance 440/1000
  Instance 450/1000
  Instance 460/1000
  Instance 470/1000
  Instance 480/1000
  Instance 490/1000
  Instance 500/1000
  Instance 510/1000
  Instance 520/1000
  Instance 530/1000
  Instance 540/1000
  Instance 550/1000
  Instance 560/1000
  Instance 570/1000
  Instance 580/1000
  Instance 590/1000
  Instance 600/1000
  Instance 610/1000
  Instance 620/1000
  Instance 630/1000
  Instance 640/1000
  Instance 650/1000
  Instance 660/1000
  Instance 670/1000
  Instance 680/1000
  Instance 690/1000
  Instance 700/1000
  Instance 710/1000
  Instance 720/1000
  Instance 730/1000
  Instance 740/1000
  Instance 750/1000
  Instance 760/1000
  Instance 770/1000
  Instance 780/1000
  Instance 790/1000
  Instance 800/1000
  Instance 810/1000
  Instance 820/1000
  Instance 830/1000
  Instance 840/1000
  Instance 850/1000
  Instance 860/1000
  Instance 870/1000
  Instance 880/1000
  Instance 890/1000
  Instance 900/1000
  Instance 910/1000
  Instance 920/1000
  Instance 930/1000
  Instance 940/1000
  Instance 950/1000
  Instance 960/1000
  Instance 970/1000
  Instance 980/1000
  Instance 990/1000
  Instance 1000/1000

======================================================================
  MOEA/D Results | n=50 | 1000 instances | 21720.1s
        λ₁    λ₂       f₁ (Distance)        f₂ (Waiting)
----------------------------------------------------------------------
    0.0    1.0   2882.71 ± 243.75        0.08 ± 1.42    
    0.0    1.0   2849.44 ± 231.43        0.93 ± 1.94    
    0.0    1.0   2832.46 ± 225.65        2.48 ± 3.17    
    0.0    1.0   2814.07 ± 219.36        4.29 ± 4.39    
    0.0    1.0   2801.81 ± 215.00        5.99 ± 5.38    
    0.1    0.9   2788.07 ± 211.18        8.20 ± 6.49    
    0.1    0.9   2776.21 ± 208.20        9.69 ± 7.15    
    0.1    0.9   2766.88 ± 207.04       11.57 ± 7.88    
    0.1    0.9   2758.86 ± 205.13       13.26 ± 8.56    
    0.1    0.9   2749.57 ± 203.88       14.87 ± 9.12    
    0.1    0.9   2742.68 ± 203.75       16.64 ± 9.77    
    0.1    0.9   2737.92 ± 202.21       18.20 ± 10.47   
    0.1    0.9   2730.24 ± 200.63       19.62 ± 11.11   
    0.1    0.9   2724.31 ± 199.31       21.31 ± 11.52   
    0.1    0.9   2719.75 ± 198.45       23.37 ± 12.23   
    0.1    0.8   2713.78 ± 197.46       24.78 ± 12.68   
    0.2    0.8   2708.30 ± 196.08       26.14 ± 13.18   
    0.2    0.8   2705.37 ± 196.05       27.65 ± 13.69   
    0.2    0.8   2701.41 ± 195.34       28.81 ± 14.34   
    0.2    0.8   2695.83 ± 193.76       30.15 ± 14.86   
    0.2    0.8   2692.85 ± 193.81       31.06 ± 15.31   
    0.2    0.8   2690.70 ± 193.83       32.29 ± 15.63   
    0.2    0.8   2685.58 ± 193.09       33.47 ± 16.05   
    0.2    0.8   2683.51 ± 192.60       34.85 ± 16.23   
    0.2    0.8   2681.17 ± 192.90       36.66 ± 16.99   
    0.2    0.8   2679.08 ± 193.01       37.62 ± 17.50   
    0.3    0.7   2674.43 ± 192.06       38.85 ± 18.16   
    0.3    0.7   2671.09 ± 191.82       40.10 ± 18.95   
    0.3    0.7   2669.45 ± 191.79       42.27 ± 19.73   
    0.3    0.7   2667.05 ± 191.89       43.04 ± 19.80   
    0.3    0.7   2664.50 ± 191.49       44.12 ± 20.52   
    0.3    0.7   2663.42 ± 191.59       44.94 ± 20.62   
    0.3    0.7   2658.69 ± 191.13       46.63 ± 21.39   
    0.3    0.7   2656.01 ± 190.88       48.29 ± 22.17   
    0.3    0.7   2654.89 ± 190.93       50.36 ± 22.80   
    0.3    0.7   2652.68 ± 190.78       51.52 ± 23.57   
    0.4    0.6   2650.89 ± 191.09       52.35 ± 23.93   
    0.4    0.6   2650.09 ± 191.42       53.12 ± 24.29   
    0.4    0.6   2646.15 ± 191.16       54.52 ± 24.99   
    0.4    0.6   2643.45 ± 190.55       55.52 ± 25.55   
    0.4    0.6   2642.45 ± 190.90       57.86 ± 26.49   
    0.4    0.6   2640.58 ± 190.86       58.87 ± 26.94   
    0.4    0.6   2638.65 ± 190.54       59.87 ± 27.40   
    0.4    0.6   2637.76 ± 190.84       60.89 ± 27.55   
    0.4    0.6   2634.01 ± 190.21       62.69 ± 28.24   
    0.5    0.6   2632.50 ± 189.66       64.18 ± 28.84   
    0.5    0.5   2631.74 ± 189.78       66.30 ± 29.81   
    0.5    0.5   2629.69 ± 189.39       67.40 ± 30.34   
    0.5    0.5   2627.81 ± 189.15       68.38 ± 30.79   
    0.5    0.5   2626.67 ± 189.63       69.84 ± 31.45   
    0.5    0.5   2625.17 ± 189.24       71.16 ± 31.64   
    0.5    0.5   2623.77 ± 189.50       72.56 ± 32.03   
    0.5    0.5   2622.41 ± 189.27       74.06 ± 32.33   
    0.5    0.5   2621.39 ± 189.15       75.28 ± 33.05   
    0.5    0.5   2618.04 ± 188.45       76.74 ± 33.64   
    0.6    0.4   2616.37 ± 187.89       79.64 ± 34.79   
    0.6    0.4   2615.45 ± 187.23       82.52 ± 35.74   
    0.6    0.4   2613.81 ± 187.29       83.58 ± 36.52   
    0.6    0.4   2612.07 ± 187.40       84.46 ± 36.98   
    0.6    0.4   2610.88 ± 187.66       85.76 ± 37.69   
    0.6    0.4   2609.40 ± 187.65       87.29 ± 38.18   
    0.6    0.4   2607.68 ± 186.95       88.46 ± 38.64   
    0.6    0.4   2606.19 ± 186.61       89.87 ± 39.18   
    0.6    0.4   2605.14 ± 186.87       91.04 ± 39.87   
    0.6    0.4   2603.64 ± 186.73       93.27 ± 40.71   
    0.7    0.3   2602.79 ± 186.89       95.07 ± 41.97   
    0.7    0.3   2600.34 ± 186.87       97.89 ± 42.52   
    0.7    0.3   2598.22 ± 187.07      100.95 ± 43.60   
    0.7    0.3   2597.51 ± 187.23      105.13 ± 44.70   
    0.7    0.3   2596.12 ± 187.56      106.39 ± 45.41   
    0.7    0.3   2594.40 ± 187.49      107.88 ± 45.52   
    0.7    0.3   2592.60 ± 187.64      110.11 ± 47.28   
    0.7    0.3   2591.42 ± 187.39      112.04 ± 48.30   
    0.7    0.3   2589.68 ± 187.00      114.32 ± 49.57   
    0.7    0.3   2588.17 ± 186.97      116.59 ± 50.85   
    0.8    0.2   2586.82 ± 186.78      119.82 ± 51.46   
    0.8    0.2   2585.73 ± 186.99      122.22 ± 52.52   
    0.8    0.2   2584.36 ± 187.02      123.70 ± 53.13   
    0.8    0.2   2583.64 ± 187.45      126.21 ± 54.56   
    0.8    0.2   2581.05 ± 187.18      130.34 ± 55.99   
    0.8    0.2   2579.26 ± 186.88      133.25 ± 56.86   
    0.8    0.2   2578.71 ± 187.43      140.54 ± 58.53   
    0.8    0.2   2577.01 ± 187.13      142.68 ± 58.64   
    0.8    0.2   2575.56 ± 187.10      144.84 ± 59.96   
    0.8    0.2   2573.97 ± 186.98      149.46 ± 62.82   
    0.8    0.2   2572.17 ± 186.71      154.11 ± 64.80   
    0.9    0.1   2571.12 ± 186.90      157.59 ± 65.25   
    0.9    0.1   2569.51 ± 186.46      162.11 ± 66.40   
    0.9    0.1   2568.17 ± 186.55      166.64 ± 68.22   
    0.9    0.1   2566.56 ± 186.31      171.71 ± 69.99   
    0.9    0.1   2565.77 ± 186.40      174.84 ± 71.76   
    0.9    0.1   2563.54 ± 186.42      180.83 ± 74.31   
    0.9    0.1   2561.90 ± 186.42      188.00 ± 76.76   
    0.9    0.1   2562.03 ± 187.19      198.20 ± 80.44   
    0.9    0.1   2560.79 ± 187.39      202.22 ± 81.48   
    0.9    0.1   2559.25 ± 187.21      208.31 ± 84.84   
    1.0    0.0   2558.54 ± 187.50      215.28 ± 88.20   
    1.0    0.0   2558.27 ± 187.51      220.94 ± 90.00   
    1.0    0.0   2558.53 ± 187.87      225.94 ± 91.83   
    1.0    0.0   2558.57 ± 187.88      229.23 ± 94.40   
    1.0    0.0   2558.97 ± 188.01      232.93 ± 96.47   
======================================================================

Hypervolume Indicator: 143348.11
Reference point: f₁=3170.99, f₂=256.23

Results saved to paretofront/moead_results_50_exp1.pkl
Text results saved to paretofront/moead_results_50_exp1.txt

============================================================
MOEA/D completed. Total runtime: 6h 02m 00s (21720.1s)
============================================================

=== MOEA/D n=100 (shared_test_100.pkl, 1000 instances) ===
Loading instances from paretofront/shared_test_100.pkl
MOEA/D: 101 weight vectors, n_gen=500, T=3
Evaluating on 1000 instances
  Instance 1/1000
  Instance 10/1000
  Instance 20/1000
  Instance 30/1000
  Instance 40/1000
  Instance 50/1000
  Instance 60/1000
  Instance 70/1000
  Instance 80/1000
  Instance 90/1000
  Instance 100/1000
  Instance 110/1000
  Instance 120/1000
  Instance 130/1000
  Instance 140/1000
  Instance 150/1000
  Instance 160/1000
  Instance 170/1000
  Instance 180/1000
  Instance 190/1000
  Instance 200/1000
  Instance 210/1000
  Instance 220/1000
  Instance 230/1000
  Instance 240/1000
  Instance 250/1000
  Instance 260/1000
  Instance 270/1000
  Instance 280/1000
  Instance 290/1000
  Instance 300/1000
  Instance 310/1000
  Instance 320/1000
  Instance 330/1000
  Instance 340/1000
  Instance 350/1000
  Instance 360/1000
  Instance 370/1000
  Instance 380/1000
  Instance 390/1000
  Instance 400/1000
  Instance 410/1000
  Instance 420/1000
  Instance 430/1000
  Instance 440/1000
  Instance 450/1000
  Instance 460/1000
  Instance 470/1000
  Instance 480/1000
  Instance 490/1000
  Instance 500/1000
  Instance 510/1000
  Instance 520/1000
  Instance 530/1000
  Instance 540/1000
  Instance 550/1000
  Instance 560/1000
  Instance 570/1000
  Instance 580/1000
  Instance 590/1000
  Instance 600/1000
  Instance 610/1000
  Instance 620/1000
  Instance 630/1000
  Instance 640/1000
  Instance 650/1000
  Instance 660/1000
  Instance 670/1000
  Instance 680/1000
  Instance 690/1000
  Instance 700/1000
  Instance 710/1000
  Instance 720/1000
  Instance 730/1000
  Instance 740/1000
  Instance 750/1000
  Instance 760/1000
  Instance 770/1000
  Instance 780/1000
  Instance 790/1000
  Instance 800/1000
  Instance 810/1000
  Instance 820/1000
  Instance 830/1000
  Instance 840/1000
  Instance 850/1000
  Instance 860/1000
  Instance 870/1000
  Instance 880/1000
  Instance 890/1000
  Instance 900/1000
  Instance 910/1000
  Instance 920/1000
  Instance 930/1000
  Instance 940/1000
  Instance 950/1000
  Instance 960/1000
  Instance 970/1000
  Instance 980/1000
  Instance 990/1000
  Instance 1000/1000

======================================================================
  MOEA/D Results | n=100 | 1000 instances | 38036.1s
        λ₁    λ₂       f₁ (Distance)        f₂ (Waiting)
----------------------------------------------------------------------
    0.0    1.0   5922.59 ± 498.57        0.05 ± 0.37    
    0.0    1.0   5688.99 ± 370.05        4.34 ± 3.28    
    0.0    1.0   5628.56 ± 354.49        8.73 ± 5.59    
    0.0    1.0   5563.46 ± 341.35       13.81 ± 7.26    
    0.0    1.0   5529.54 ± 336.43       18.28 ± 8.99    
    0.1    0.9   5490.36 ± 329.54       23.14 ± 10.34   
    0.1    0.9   5459.89 ± 324.62       26.82 ± 11.69   
    0.1    0.9   5440.12 ± 322.33       30.95 ± 13.27   
    0.1    0.9   5423.85 ± 318.73       34.04 ± 14.69   
    0.1    0.9   5397.03 ± 315.88       38.22 ± 15.95   
    0.1    0.9   5383.39 ± 313.92       41.43 ± 16.97   
    0.1    0.9   5373.50 ± 313.09       44.88 ± 18.38   
    0.1    0.9   5353.54 ± 308.24       48.29 ± 19.27   
    0.1    0.9   5337.40 ± 304.45       51.91 ± 20.58   
    0.1    0.9   5330.32 ± 302.96       55.91 ± 21.51   
    0.1    0.8   5312.36 ± 300.71       58.66 ± 22.64   
    0.2    0.8   5299.58 ± 300.82       61.53 ± 23.47   
    0.2    0.8   5293.04 ± 299.31       65.28 ± 24.43   
    0.2    0.8   5286.79 ± 297.31       67.13 ± 25.30   
    0.2    0.8   5272.35 ± 294.02       70.35 ± 26.93   
    0.2    0.8   5266.08 ± 293.23       72.90 ± 27.93   
    0.2    0.8   5262.77 ± 293.16       76.05 ± 28.96   
    0.2    0.8   5248.62 ± 292.73       78.34 ± 30.09   
    0.2    0.8   5243.39 ± 291.35       81.54 ± 31.48   
    0.2    0.8   5238.17 ± 291.90       84.30 ± 32.55   
    0.2    0.8   5234.29 ± 291.62       85.63 ± 33.07   
    0.3    0.7   5222.53 ± 290.26       89.10 ± 34.85   
    0.3    0.7   5215.48 ± 289.95       92.58 ± 35.94   
    0.3    0.7   5212.94 ± 290.01       96.94 ± 37.88   
    0.3    0.7   5206.52 ± 290.19       98.76 ± 38.68   
    0.3    0.7   5200.81 ± 288.66      100.64 ± 39.61   
    0.3    0.7   5200.31 ± 288.75      102.53 ± 40.17   
    0.3    0.7   5190.38 ± 287.87      106.52 ± 41.51   
    0.3    0.7   5184.42 ± 287.55      109.87 ± 42.18   
    0.3    0.7   5182.57 ± 287.46      115.33 ± 44.61   
    0.3    0.7   5177.24 ± 287.01      116.84 ± 45.57   
    0.4    0.6   5172.47 ± 286.32      118.79 ± 45.46   
    0.4    0.6   5171.89 ± 286.26      120.12 ± 46.14   
    0.4    0.6   5161.18 ± 284.32      123.12 ± 48.99   
    0.4    0.6   5155.33 ± 283.56      126.22 ± 49.83   
    0.4    0.6   5153.10 ± 283.35      130.91 ± 51.72   
    0.4    0.6   5148.73 ± 282.76      132.47 ± 53.30   
    0.4    0.6   5144.44 ± 282.88      134.41 ± 53.68   
    0.4    0.6   5144.69 ± 282.94      137.13 ± 54.22   
    0.4    0.6   5135.57 ± 283.39      140.75 ± 54.55   
    0.5    0.6   5129.03 ± 283.17      145.05 ± 56.50   
    0.5    0.5   5128.72 ± 284.16      150.31 ± 58.54   
    0.5    0.5   5124.31 ± 283.88      151.60 ± 59.10   
    0.5    0.5   5119.90 ± 284.34      154.09 ± 60.21   
    0.5    0.5   5116.81 ± 284.55      157.23 ± 60.66   
    0.5    0.5   5112.98 ± 283.84      159.87 ± 61.89   
    0.5    0.5   5110.87 ± 284.63      162.58 ± 62.45   
    0.5    0.5   5108.01 ± 283.88      165.29 ± 63.69   
    0.5    0.5   5107.37 ± 284.43      167.96 ± 65.37   
    0.5    0.5   5098.62 ± 283.41      171.78 ± 67.62   
    0.6    0.4   5093.04 ± 284.00      176.67 ± 69.09   
    0.6    0.4   5090.80 ± 283.82      183.69 ± 71.49   
    0.6    0.4   5086.78 ± 283.93      185.00 ± 72.53   
    0.6    0.4   5083.29 ± 283.89      187.29 ± 73.79   
    0.6    0.4   5080.84 ± 284.85      190.19 ± 74.91   
    0.6    0.4   5077.26 ± 284.63      192.96 ± 74.52   
    0.6    0.4   5073.97 ± 283.73      196.43 ± 76.31   
    0.6    0.4   5072.40 ± 283.76      199.70 ± 77.78   
    0.6    0.4   5069.26 ± 283.71      202.15 ± 78.97   
    0.6    0.4   5066.29 ± 284.32      204.48 ± 79.39   
    0.7    0.3   5066.24 ± 284.20      206.12 ± 79.60   
    0.7    0.3   5058.09 ± 283.78      211.61 ± 81.43   
    0.7    0.3   5053.78 ± 283.44      217.78 ± 83.86   
    0.7    0.3   5052.95 ± 283.42      226.78 ± 86.30   
    0.7    0.3   5049.42 ± 283.56      229.01 ± 88.07   
    0.7    0.3   5045.69 ± 283.88      232.38 ± 91.00   
    0.7    0.3   5042.89 ± 283.74      236.29 ± 91.27   
    0.7    0.3   5039.56 ± 283.48      240.03 ± 91.63   
    0.7    0.3   5036.67 ± 284.32      243.70 ± 94.38   
    0.7    0.3   5032.99 ± 284.76      247.89 ± 94.73   
    0.8    0.2   5030.58 ± 284.93      252.32 ± 96.03   
    0.8    0.2   5028.03 ± 284.69      258.62 ± 97.85   
    0.8    0.2   5025.16 ± 285.54      263.48 ± 98.78   
    0.8    0.2   5024.61 ± 285.75      267.47 ± 100.28  
    0.8    0.2   5016.26 ± 285.37      274.34 ± 102.45  
    0.8    0.2   5012.26 ± 285.38      284.17 ± 106.60  
    0.8    0.2   5011.32 ± 284.85      299.38 ± 109.80  
    0.8    0.2   5007.68 ± 284.90      303.09 ± 112.03  
    0.8    0.2   5003.78 ± 284.64      308.27 ± 113.44  
    0.8    0.2   5001.19 ± 284.87      314.56 ± 114.35  
    0.8    0.2   4997.50 ± 285.13      322.33 ± 116.02  
    0.9    0.1   4994.29 ± 286.31      331.92 ± 120.45  
    0.9    0.1   4990.48 ± 285.52      339.35 ± 123.02  
    0.9    0.1   4986.89 ± 285.50      346.33 ± 122.38  
    0.9    0.1   4982.27 ± 285.88      356.45 ± 129.88  
    0.9    0.1   4980.58 ± 285.95      365.02 ± 131.27  
    0.9    0.1   4972.90 ± 286.34      378.50 ± 134.64  
    0.9    0.1   4967.82 ± 286.63      395.62 ± 137.36  
    0.9    0.1   4967.17 ± 286.91      421.95 ± 141.88  
    0.9    0.1   4963.31 ± 286.56      426.91 ± 144.11  
    0.9    0.1   4960.15 ± 286.21      433.94 ± 146.99  
    1.0    0.0   4958.67 ± 286.55      444.77 ± 148.40  
    1.0    0.0   4956.96 ± 286.78      453.94 ± 152.97  
    1.0    0.0   4957.74 ± 287.30      463.81 ± 156.14  
    1.0    0.0   4958.67 ± 287.82      469.03 ± 159.91  
    1.0    0.0   4961.10 ± 288.44      470.93 ± 160.84  
======================================================================

Hypervolume Indicator: 733483.07
Reference point: f₁=6514.85, f₂=518.02

Results saved to paretofront/moead_results_100_exp1.pkl
Text results saved to paretofront/moead_results_100_exp1.txt

============================================================
MOEA/D completed. Total runtime: 10h 33m 56s (38036.1s)
============================================================

=== Done. Outputs: paretofront/moead_results_{50,100}_exp1.pkl ===
