=== Step 1: DRL Pareto Inference (n=50) ===
Device: cuda
Loading model from outputs/agh_50/train_weadd_50_20260303T002028/epoch-199.pt ...
调用AttentionModel
  [*] Loading model from outputs/agh_50/train_weadd_50_20260303T002028/epoch-199.pt
Dataset: 1000 instances, n=50
Sweeping 101 lambda values ...
  [1/101] λ=(0.00,1.00) f1=3081.6±242.4  f2=3.2±7.1
  [11/101] λ=(0.10,0.90) f1=2920.0±222.5  f2=14.3±18.2
  [21/101] λ=(0.20,0.80) f1=2798.7±208.9  f2=36.1±31.6
  [31/101] λ=(0.30,0.70) f1=2736.3±204.5  f2=59.4±41.1
  [41/101] λ=(0.40,0.60) f1=2701.0±201.4  f2=79.0±50.3
  [51/101] λ=(0.50,0.50) f1=2679.0±200.1  f2=99.5±59.7
  [61/101] λ=(0.60,0.40) f1=2665.2±197.7  f2=116.7±66.4
  [71/101] λ=(0.70,0.30) f1=2654.5±199.7  f2=135.9±73.7
  [81/101] λ=(0.80,0.20) f1=2648.3±198.9  f2=152.0±79.5
  [91/101] λ=(0.90,0.10) f1=2644.6±199.6  f2=166.3±84.1
  [101/101] λ=(1.00,0.00) f1=2644.2±199.0  f2=176.9±87.5
[OK] Results saved to: paretofront/pareto_results_50_tmp50.pkl
[OK] Text results saved to: paretofront/pareto_results_50_tmp50.txt
[OK] Pareto front plot saved to: paretofront/pareto_front_50_tmp50.png

=== Step 2: DRL vs MOEA/D Comparison ===
Traceback (most recent call last):
  File "/gpfs/home4/ltan/HHC/visualization/plot_moead_comparison.py", line 78, in <module>
    plot_comparison(opts.drl_path, opts.moead_path, opts.graph_size,
  File "/gpfs/home4/ltan/HHC/visualization/plot_moead_comparison.py", line 24, in plot_comparison
    moead_results = load_results(moead_path)
                    ^^^^^^^^^^^^^^^^^^^^^^^^
  File "/gpfs/home4/ltan/HHC/visualization/plot_moead_comparison.py", line 17, in load_results
    with open(filepath, 'rb') as f:
         ^^^^^^^^^^^^^^^^^^^^
FileNotFoundError: [Errno 2] No such file or directory: 'scripts/moead/moead_results_50_exp1.pkl'

=== Done. Outputs: paretofront/pareto_results_50_tmp50.pkl, paretofront/moead_vs_drl_50.png ===
