CUDA status: use_cuda=True, device_count=1
{'baseline': 'rollout',
 'batch_size': 64,
 'bl_alpha': 0.05,
 'bl_warmup_epochs': 0,
 'checkpoint_encoder': False,
 'checkpoint_epochs': 1,
 'data_distribution': None,
 'embedding_dim': 128,
 'epoch_size': 12800,
 'epoch_start': 0,
 'eval_batch_size': 1000,
 'eval_only': False,
 'exp_beta': 0.8,
 'fine_tune': False,
 'graph_size': 50,
 'hidden_dim': 128,
 'load_path': None,
 'log_dir': 'logs',
 'log_stdout': True,
 'log_step': 50,
 'lr_critic': 0.0001,
 'lr_decay': 1.0,
 'lr_model': 0.0001,
 'max_grad_norm': 1.0,
 'model': 'attention',
 'n_encode_layers': 3,
 'n_epochs': 100,
 'no_cuda': False,
 'no_normalizer': True,
 'no_progress_bar': True,
 'no_tensorboard': True,
 'normalization': 'batch',
 'optimizer': 'Adam',
 'output_dir': 'outputs',
 'problem': 'agh',
 'resume': None,
 'rnn_time': False,
 'run_name': 'train_no_norm_50_20260228T005602',
 'save_dir': 'outputs/agh_50/train_no_norm_50_20260228T005602',
 'seed': 123456,
 'shrink_size': None,
 'tanh_clipping': 10.0,
 'use_cuda': True,
 'val_dataset': None,
 'val_size': 1000,
 'wo_time': False}
调用AttentionModel
加载 rollout baseline
Evaluating baseline model on evaluation dataset

Training
Start train epoch 0, lr=0.0001 for run train_no_norm_50_20260228T005602
Evaluating baseline on dataset...
Training baseline model...
开始train_epoch正式训练，总的 batch 大小: 200
Start training epoch 0...
epoch: 0, train_batch_id: 0, avg_cost: 2402.598571151301
loss: -526.9745009571419, grad norm: 29921.521484375, clipped: 1.0
epoch: 0, train_batch_id: 50, avg_cost: 2174.441714931874
loss: 3014.5199672495846, grad norm: 27538.830078125, clipped: 1.0
epoch: 0, train_batch_id: 100, avg_cost: 2275.0226180428936
loss: 3124.1512652491274, grad norm: 33596.265625, clipped: 1.0
epoch: 0, train_batch_id: 150, avg_cost: 2288.2777896694856
loss: 3503.5794779474027, grad norm: 31707.91015625, clipped: 1.0
Finished epoch 0, took 00:04:23 s
####Saving model and state...
调用validate
Validating...
Validation overall avg_cost: 4153.2612585977995 +- 11.301921085296865
Evaluating candidate model on evaluation dataset
Epoch 0 candidate mean 4158.539604112649, baseline epoch 0 mean 4172.405990719309, difference -13.866386606659944
p-value: 0.027636076297291028
Update baseline
Evaluating baseline model on evaluation dataset

Start train epoch 1, lr=0.0001 for run train_no_norm_50_20260228T005602
Evaluating baseline on dataset...
Training baseline model...
开始train_epoch正式训练，总的 batch 大小: 200
Start training epoch 1...
epoch: 1, train_batch_id: 0, avg_cost: 1738.7880736851098
loss: -228.37802079634264, grad norm: 18759.75, clipped: 1.0
epoch: 1, train_batch_id: 50, avg_cost: 2155.8238875412444
loss: 1106.1802006108348, grad norm: 20226.302734375, clipped: 1.0
epoch: 1, train_batch_id: 100, avg_cost: 2099.352458075715
loss: 1715.8599008227127, grad norm: 21969.63671875, clipped: 1.0
epoch: 1, train_batch_id: 150, avg_cost: 2131.8473737163904
loss: 251.63054653712152, grad norm: 19956.75390625, clipped: 1.0
Finished epoch 1, took 00:04:45 s
####Saving model and state...
调用validate
Validating...
Validation overall avg_cost: 4131.870939641015 +- 11.657193929192479
Evaluating candidate model on evaluation dataset
Epoch 1 candidate mean 4136.885814821776, baseline epoch 0 mean 4131.591140140819, difference 5.294674680956632
Start train epoch 2, lr=0.0001 for run train_no_norm_50_20260228T005602
Evaluating baseline on dataset...
Training baseline model...
开始train_epoch正式训练，总的 batch 大小: 200
Start training epoch 2...
epoch: 2, train_batch_id: 0, avg_cost: 2035.6411935283659
loss: -335.5127874392781, grad norm: 19333.484375, clipped: 1.0
epoch: 2, train_batch_id: 50, avg_cost: 2110.428386974014
loss: 1606.55983182593, grad norm: 17819.091796875, clipped: 1.0
epoch: 2, train_batch_id: 100, avg_cost: 2069.2686972598426
loss: 2049.807828190547, grad norm: 19789.91015625, clipped: 1.0
epoch: 2, train_batch_id: 150, avg_cost: 1925.0651335080338
loss: 1369.3419283483208, grad norm: 17595.626953125, clipped: 1.0
Finished epoch 2, took 00:04:47 s
####Saving model and state...
调用validate
Validating...
Validation overall avg_cost: 3984.138447474236 +- 10.895800371096529
Evaluating candidate model on evaluation dataset
Epoch 2 candidate mean 3985.149426859911, baseline epoch 0 mean 4131.591140140819, difference -146.44171328090852
p-value: 1.7981547293263743e-95
Update baseline
Evaluating baseline model on evaluation dataset

Start train epoch 3, lr=0.0001 for run train_no_norm_50_20260228T005602
Evaluating baseline on dataset...
Training baseline model...
开始train_epoch正式训练，总的 batch 大小: 200
Start training epoch 3...
epoch: 3, train_batch_id: 0, avg_cost: 2003.542110354134
loss: 429.52112050877565, grad norm: 17357.591796875, clipped: 1.0
epoch: 3, train_batch_id: 50, avg_cost: 2134.7204676461893
loss: 987.3179418090106, grad norm: 18073.28515625, clipped: 1.0
epoch: 3, train_batch_id: 100, avg_cost: 2050.1744877272095
loss: -677.0272389339266, grad norm: 20057.265625, clipped: 1.0
epoch: 3, train_batch_id: 150, avg_cost: 2025.578083407059
loss: -1452.5867933641075, grad norm: 15182.5751953125, clipped: 1.0
Finished epoch 3, took 00:04:53 s
####Saving model and state...
调用validate
Validating...
Validation overall avg_cost: 4044.9366955232426 +- 11.243273869671672
Evaluating candidate model on evaluation dataset
Epoch 3 candidate mean 4024.9106215528336, baseline epoch 2 mean 3974.8064629648134, difference 50.104158588020255
Start train epoch 4, lr=0.0001 for run train_no_norm_50_20260228T005602
Evaluating baseline on dataset...
Training baseline model...
开始train_epoch正式训练，总的 batch 大小: 200
Start training epoch 4...
epoch: 4, train_batch_id: 0, avg_cost: 2366.73682776013
loss: -1108.3196682977964, grad norm: 19962.349609375, clipped: 1.0
epoch: 4, train_batch_id: 50, avg_cost: 2284.9872564029165
loss: -1262.5705090739602, grad norm: 20809.078125, clipped: 1.0
epoch: 4, train_batch_id: 100, avg_cost: 2159.317486067479
loss: 774.0643423144622, grad norm: 20141.478515625, clipped: 1.0
[2026-02-28T01:18:32.136] error: *** JOB 20147329 ON gcn15 CANCELLED AT 2026-02-28T01:18:32 DUE to SIGNAL Terminated ***
