CUDA status: use_cuda=True, device_count=1
{'baseline': 'rollout',
 'batch_size': 64,
 'bl_alpha': 0.05,
 'bl_warmup_epochs': 0,
 'checkpoint_encoder': False,
 'checkpoint_epochs': 1,
 'data_distribution': None,
 'embedding_dim': 128,
 'epoch_size': 12800,
 'epoch_start': 0,
 'eval_batch_size': 1000,
 'eval_only': False,
 'exp_beta': 0.8,
 'fine_tune': False,
 'graph_size': 100,
 'hidden_dim': 128,
 'load_path': None,
 'log_dir': 'logs',
 'log_stdout': True,
 'log_step': 50,
 'lr_critic': 0.0001,
 'lr_decay': 1.0,
 'lr_model': 0.0001,
 'max_grad_norm': 1.0,
 'model': 'attention',
 'n_encode_layers': 3,
 'n_epochs': 100,
 'no_cuda': False,
 'no_normalizer': True,
 'no_progress_bar': True,
 'no_tensorboard': True,
 'normalization': 'batch',
 'optimizer': 'Adam',
 'output_dir': 'outputs',
 'problem': 'agh',
 'resume': None,
 'rnn_time': False,
 'run_name': 'train_no_norm_100_20260228T005602',
 'save_dir': 'outputs/agh_100/train_no_norm_100_20260228T005602',
 'seed': 123456,
 'shrink_size': None,
 'tanh_clipping': 10.0,
 'use_cuda': True,
 'val_dataset': None,
 'val_size': 1000,
 'wo_time': False}
调用AttentionModel
加载 rollout baseline
Evaluating baseline model on evaluation dataset

Training
Start train epoch 0, lr=0.0001 for run train_no_norm_100_20260228T005602
Evaluating baseline on dataset...
Training baseline model...
开始train_epoch正式训练，总的 batch 大小: 200
Start training epoch 0...
epoch: 0, train_batch_id: 0, avg_cost: 4787.453166480556
loss: -7759.408086627583, grad norm: 90765.8671875, clipped: 1.0
epoch: 0, train_batch_id: 50, avg_cost: 4217.138802210394
loss: 11690.552792119624, grad norm: 93090.1171875, clipped: 1.0
epoch: 0, train_batch_id: 100, avg_cost: 4595.689263876898
loss: 20581.812591844533, grad norm: 105658.5703125, clipped: 1.0
epoch: 0, train_batch_id: 150, avg_cost: 4381.14833590341
loss: 26965.462411903532, grad norm: 142586.28125, clipped: 1.0
Finished epoch 0, took 00:07:36 s
####Saving model and state...
调用validate
Validating...
Validation overall avg_cost: 8211.88662490553 +- 16.66445399549967
Evaluating candidate model on evaluation dataset
Epoch 0 candidate mean 8205.40102256406, baseline epoch 0 mean 7928.126988673298, difference 277.27403389076153
Start train epoch 1, lr=0.0001 for run train_no_norm_100_20260228T005602
Evaluating baseline on dataset...
Training baseline model...
开始train_epoch正式训练，总的 batch 大小: 200
Start training epoch 1...
epoch: 1, train_batch_id: 0, avg_cost: 4363.951623344091
loss: 29230.370657463332, grad norm: 138661.078125, clipped: 1.0
epoch: 1, train_batch_id: 50, avg_cost: 4203.801523720955
loss: 33876.939162311304, grad norm: 130222.7890625, clipped: 1.0
epoch: 1, train_batch_id: 100, avg_cost: 4166.293410137467
loss: 30273.79427355204, grad norm: 135578.953125, clipped: 1.0
epoch: 1, train_batch_id: 150, avg_cost: 4167.186353490486
loss: 35328.96227647195, grad norm: 151697.78125, clipped: 1.0
Finished epoch 1, took 00:07:49 s
####Saving model and state...
调用validate
Validating...
Validation overall avg_cost: 8025.394419658503 +- 16.681155396631386
Evaluating candidate model on evaluation dataset
Epoch 1 candidate mean 8059.24100679643, baseline epoch 0 mean 7928.126988673298, difference 131.11401812313215
Start train epoch 2, lr=0.0001 for run train_no_norm_100_20260228T005602
Evaluating baseline on dataset...
Training baseline model...
开始train_epoch正式训练，总的 batch 大小: 200
Start training epoch 2...
epoch: 2, train_batch_id: 0, avg_cost: 4450.625003054407
loss: 44485.17353343875, grad norm: 170183.0, clipped: 1.0
epoch: 2, train_batch_id: 50, avg_cost: 4009.57846842274
loss: 24755.41397887021, grad norm: 110146.3671875, clipped: 1.0
epoch: 2, train_batch_id: 100, avg_cost: 4564.73147911319
loss: 31931.360236433342, grad norm: 140449.359375, clipped: 1.0
epoch: 2, train_batch_id: 150, avg_cost: 4342.337813233834
loss: 27914.459057744338, grad norm: 122509.015625, clipped: 1.0
[2026-02-28T01:18:32.137] error: *** JOB 20147330 ON gcn16 CANCELLED AT 2026-02-28T01:18:32 DUE to SIGNAL Terminated ***
