CUDA status: use_cuda=True, device_count=1
{'baseline': 'rollout',
 'batch_size': 64,
 'bl_alpha': 0.05,
 'bl_warmup_epochs': 0,
 'checkpoint_encoder': False,
 'checkpoint_epochs': 1,
 'data_distribution': None,
 'embedding_dim': 128,
 'epoch_size': 12800,
 'epoch_start': 0,
 'eval_batch_size': 1000,
 'eval_only': False,
 'exp_beta': 0.8,
 'fine_tune': False,
 'graph_size': 50,
 'hidden_dim': 128,
 'load_path': None,
 'log_dir': 'logs',
 'log_stdout': True,
 'log_step': 50,
 'lr_critic': 0.0001,
 'lr_decay': 1.0,
 'lr_model': 0.0001,
 'max_grad_norm': 1.0,
 'model': 'attention',
 'n_encode_layers': 3,
 'n_epochs': 200,
 'no_cuda': False,
 'no_progress_bar': True,
 'no_tensorboard': True,
 'normalization': 'batch',
 'optimizer': 'Adam',
 'output_dir': 'outputs',
 'problem': 'agh',
 'resume': None,
 'rnn_time': False,
 'run_name': 'train_weadd_50_20260302T144822',
 'save_dir': 'outputs/agh_50/train_weadd_50_20260302T144822',
 'seed': 123456,
 'shrink_size': None,
 'tanh_clipping': 10.0,
 'use_cuda': True,
 'val_dataset': None,
 'val_size': 1000,
 'wo_time': False}
调用AttentionModel
加载 rollout baseline
Evaluating baseline model on evaluation dataset

Training
Start train epoch 0, lr=0.0001 for run train_weadd_50_20260302T144822
Evaluating baseline on dataset...
开始train_epoch正式训练，总的 batch 大小: 200
Start training epoch 0...
epoch: 0, train_batch_id: 0, avg_cost: 19408.0625
loss: -1314.347624051366, grad norm: 61156.9453125, clipped: 1.0
epoch: 0, train_batch_id: 50, avg_cost: 14796.869140625
loss: 6056.180996580104, grad norm: 51524.51171875, clipped: 1.0
epoch: 0, train_batch_id: 100, avg_cost: 15080.279296875
loss: 3798.1507654261513, grad norm: 40238.37890625, clipped: 1.0
epoch: 0, train_batch_id: 150, avg_cost: 14431.271484375
loss: 5175.19066417855, grad norm: 50052.0703125, clipped: 1.0
Finished epoch 0, took 00:02:22 s
####Saving model and state...
调用validate
Validating...
Validation overall avg_cost: 13896.585931315753 +- 39.04939580842195
Evaluating candidate model on evaluation dataset
Epoch 0 candidate mean 13868.433699223728, baseline epoch 0 mean 19082.352955259554, difference -5213.919256035826
p-value: 0.0
Update baseline
Evaluating baseline model on evaluation dataset

Start train epoch 1, lr=0.0001 for run train_weadd_50_20260302T144822
Evaluating baseline on dataset...
开始train_epoch正式训练，总的 batch 大小: 200
Start training epoch 1...
epoch: 1, train_batch_id: 0, avg_cost: 13574.1015625
loss: 115.61247355062679, grad norm: 33316.03125, clipped: 1.0
epoch: 1, train_batch_id: 50, avg_cost: 13781.703125
loss: 90.87702242264051, grad norm: 31828.67578125, clipped: 1.0
epoch: 1, train_batch_id: 100, avg_cost: 13598.7109375
loss: 185.0713473296845, grad norm: 31623.84765625, clipped: 1.0
epoch: 1, train_batch_id: 150, avg_cost: 14804.0
loss: -829.8887837545701, grad norm: 31864.666015625, clipped: 1.0
Finished epoch 1, took 00:02:17 s
####Saving model and state...
调用validate
Validating...
Validation overall avg_cost: 13464.957903799552 +- 37.541036893447775
Evaluating candidate model on evaluation dataset
Epoch 1 candidate mean 13484.160025781359, baseline epoch 0 mean 13884.412310390047, difference -400.25228460868857
p-value: 1.6348932097785985e-28
Update baseline
Evaluating baseline model on evaluation dataset

Start train epoch 2, lr=0.0001 for run train_weadd_50_20260302T144822
Evaluating baseline on dataset...
开始train_epoch正式训练，总的 batch 大小: 200
Start training epoch 2...
epoch: 2, train_batch_id: 0, avg_cost: 13145.10546875
loss: 458.0953402178455, grad norm: 29711.53515625, clipped: 1.0
epoch: 2, train_batch_id: 50, avg_cost: 13622.3779296875
loss: -217.77012332550447, grad norm: 30393.955078125, clipped: 1.0
epoch: 2, train_batch_id: 100, avg_cost: 13463.2861328125
loss: -343.0134729510576, grad norm: 32866.84375, clipped: 1.0
epoch: 2, train_batch_id: 150, avg_cost: 13238.306640625
loss: -96.17782633782966, grad norm: 32176.302734375, clipped: 1.0
Finished epoch 2, took 00:02:15 s
####Saving model and state...
调用validate
Validating...
Validation overall avg_cost: 13113.717296545059 +- 36.33163235979549
Evaluating candidate model on evaluation dataset
Epoch 2 candidate mean 13109.906770789425, baseline epoch 1 mean 13438.268908395934, difference -328.36213760650935
p-value: 1.492066507866926e-19
Update baseline
Evaluating baseline model on evaluation dataset

Start train epoch 3, lr=0.0001 for run train_weadd_50_20260302T144822
Evaluating baseline on dataset...
开始train_epoch正式训练，总的 batch 大小: 200
Start training epoch 3...
epoch: 3, train_batch_id: 0, avg_cost: 13239.537109375
loss: -390.53084564972335, grad norm: 29625.57421875, clipped: 1.0
epoch: 3, train_batch_id: 50, avg_cost: 14374.5751953125
loss: -1186.0605235560095, grad norm: 33428.2578125, clipped: 1.0
epoch: 3, train_batch_id: 100, avg_cost: 12509.60546875
loss: 660.7457880035231, grad norm: 29242.662109375, clipped: 1.0
epoch: 3, train_batch_id: 150, avg_cost: 12300.6533203125
loss: 647.9369550265175, grad norm: 28842.1484375, clipped: 1.0
Finished epoch 3, took 00:02:15 s
####Saving model and state...
调用validate
Validating...
Validation overall avg_cost: 12897.464452261955 +- 36.48729575380046
Evaluating candidate model on evaluation dataset
Epoch 3 candidate mean 12934.755659815979, baseline epoch 2 mean 13152.828571337599, difference -218.07291152161997
p-value: 8.752267627384201e-11
Update baseline
Evaluating baseline model on evaluation dataset

Start train epoch 4, lr=0.0001 for run train_weadd_50_20260302T144822
Evaluating baseline on dataset...
开始train_epoch正式训练，总的 batch 大小: 200
Start training epoch 4...
epoch: 4, train_batch_id: 0, avg_cost: 12019.521484375
loss: 385.1989431110343, grad norm: 30931.166015625, clipped: 1.0
epoch: 4, train_batch_id: 50, avg_cost: 12924.3896484375
loss: 66.25502864501817, grad norm: 34811.63671875, clipped: 1.0
epoch: 4, train_batch_id: 100, avg_cost: 12929.0234375
loss: 163.3311465785944, grad norm: 31052.517578125, clipped: 1.0
epoch: 4, train_batch_id: 150, avg_cost: 13830.8662109375
loss: -767.216792154533, grad norm: 35795.8828125, clipped: 1.0
Finished epoch 4, took 00:02:13 s
####Saving model and state...
调用validate
Validating...
Validation overall avg_cost: 12658.149697629944 +- 35.50132669240835
Evaluating candidate model on evaluation dataset
Epoch 4 candidate mean 12682.016460885163, baseline epoch 3 mean 12933.109360748098, difference -251.09289986293516
p-value: 7.571533545369567e-14
Update baseline
Evaluating baseline model on evaluation dataset

Start train epoch 5, lr=0.0001 for run train_weadd_50_20260302T144822
Evaluating baseline on dataset...
开始train_epoch正式训练，总的 batch 大小: 200
Start training epoch 5...
epoch: 5, train_batch_id: 0, avg_cost: 12854.548828125
loss: -236.76637923828457, grad norm: 29654.916015625, clipped: 1.0
epoch: 5, train_batch_id: 50, avg_cost: 12059.05078125
loss: 362.0988495002192, grad norm: 30907.99609375, clipped: 1.0
epoch: 5, train_batch_id: 100, avg_cost: 13369.5341796875
loss: -510.5565239254188, grad norm: 29861.416015625, clipped: 1.0
epoch: 5, train_batch_id: 150, avg_cost: 12468.080078125
loss: 246.58748434489792, grad norm: 31514.923828125, clipped: 1.0
Finished epoch 5, took 00:02:12 s
####Saving model and state...
调用validate
Validating...
Validation overall avg_cost: 12424.072049618917 +- 34.60684849325764
Evaluating candidate model on evaluation dataset
Epoch 5 candidate mean 12476.603282906424, baseline epoch 4 mean 12680.105448985847, difference -203.50216607942275
p-value: 6.652573953708348e-10
Update baseline
Evaluating baseline model on evaluation dataset

Start train epoch 6, lr=0.0001 for run train_weadd_50_20260302T144822
Evaluating baseline on dataset...
开始train_epoch正式训练，总的 batch 大小: 200
Start training epoch 6...
epoch: 6, train_batch_id: 0, avg_cost: 13178.494140625
loss: -558.91639163949, grad norm: 27043.525390625, clipped: 1.0
epoch: 6, train_batch_id: 50, avg_cost: 11602.7568359375
loss: 942.5449422503741, grad norm: 30402.310546875, clipped: 1.0
epoch: 6, train_batch_id: 100, avg_cost: 11678.748046875
loss: 461.03187954266707, grad norm: 28584.16015625, clipped: 1.0
epoch: 6, train_batch_id: 150, avg_cost: 13534.4140625
loss: -640.3226298607892, grad norm: 30368.564453125, clipped: 1.0
Finished epoch 6, took 00:02:13 s
####Saving model and state...
调用validate
Validating...
Validation overall avg_cost: 12153.868001047598 +- 33.85965049241665
Evaluating candidate model on evaluation dataset
Epoch 6 candidate mean 12075.00601450153, baseline epoch 5 mean 12387.698819917387, difference -312.6928054158561
p-value: 3.2022155152975536e-20
Update baseline
Evaluating baseline model on evaluation dataset

Start train epoch 7, lr=0.0001 for run train_weadd_50_20260302T144822
Evaluating baseline on dataset...
开始train_epoch正式训练，总的 batch 大小: 200
Start training epoch 7...
epoch: 7, train_batch_id: 0, avg_cost: 12426.412109375
loss: -46.466738559955274, grad norm: 26671.873046875, clipped: 1.0
epoch: 7, train_batch_id: 50, avg_cost: 12792.435546875
loss: -802.8608119304854, grad norm: 30332.908203125, clipped: 1.0
epoch: 7, train_batch_id: 100, avg_cost: 12422.435546875
loss: -281.48363577828786, grad norm: 30289.986328125, clipped: 1.0
epoch: 7, train_batch_id: 150, avg_cost: 11680.6123046875
loss: 76.35355406916119, grad norm: 25556.177734375, clipped: 1.0
Finished epoch 7, took 00:02:12 s
####Saving model and state...
调用validate
Validating...
Validation overall avg_cost: 11923.453883841314 +- 33.828192270856626
Evaluating candidate model on evaluation dataset
Epoch 7 candidate mean 11888.942452375824, baseline epoch 6 mean 12127.275393579948, difference -238.33294120412393
p-value: 6.931899557439941e-13
Update baseline
Evaluating baseline model on evaluation dataset

Start train epoch 8, lr=0.0001 for run train_weadd_50_20260302T144822
Evaluating baseline on dataset...
开始train_epoch正式训练，总的 batch 大小: 200
Start training epoch 8...
epoch: 8, train_batch_id: 0, avg_cost: 11462.94921875
loss: 434.6653063058923, grad norm: 28679.896484375, clipped: 1.0
epoch: 8, train_batch_id: 50, avg_cost: 13035.4599609375
loss: -627.3614772007354, grad norm: 28002.66015625, clipped: 1.0
epoch: 8, train_batch_id: 100, avg_cost: 12567.4296875
loss: -551.1075645074843, grad norm: 31456.4609375, clipped: 1.0
epoch: 8, train_batch_id: 150, avg_cost: 11745.9921875
loss: -241.9439045372385, grad norm: 28401.9453125, clipped: 1.0
Finished epoch 8, took 00:02:10 s
####Saving model and state...
调用validate
Validating...
Validation overall avg_cost: 11721.243342885491 +- 32.918172083700945
Evaluating candidate model on evaluation dataset
Epoch 8 candidate mean 11747.466041238398, baseline epoch 7 mean 11880.261978607503, difference -132.79593736910465
p-value: 8.345103972872203e-06
Update baseline
Evaluating baseline model on evaluation dataset

Start train epoch 9, lr=0.0001 for run train_weadd_50_20260302T144822
Evaluating baseline on dataset...
开始train_epoch正式训练，总的 batch 大小: 200
Start training epoch 9...
epoch: 9, train_batch_id: 0, avg_cost: 12014.8701171875
loss: -282.8560156759763, grad norm: 32220.23828125, clipped: 1.0
epoch: 9, train_batch_id: 50, avg_cost: 11712.4853515625
loss: 89.2142554651264, grad norm: 28282.6328125, clipped: 1.0
epoch: 9, train_batch_id: 100, avg_cost: 11487.095703125
loss: -1.3930677421027629, grad norm: 29275.31640625, clipped: 1.0
epoch: 9, train_batch_id: 150, avg_cost: 12279.2763671875
loss: -423.8007387499607, grad norm: 29322.9296875, clipped: 1.0
Finished epoch 9, took 00:02:10 s
####Saving model and state...
调用validate
Validating...
Validation overall avg_cost: 11508.649616790233 +- 32.77624699283804
Evaluating candidate model on evaluation dataset
Epoch 9 candidate mean 11509.202188936271, baseline epoch 8 mean 11798.914227757205, difference -289.71203882093323
p-value: 1.6082329199275354e-18
Update baseline
Evaluating baseline model on evaluation dataset

Start train epoch 10, lr=0.0001 for run train_weadd_50_20260302T144822
Evaluating baseline on dataset...
开始train_epoch正式训练，总的 batch 大小: 200
Start training epoch 10...
epoch: 10, train_batch_id: 0, avg_cost: 11047.5576171875
loss: 112.00448910255918, grad norm: 28207.06640625, clipped: 1.0
epoch: 10, train_batch_id: 50, avg_cost: 11118.869140625
loss: 84.67549638358231, grad norm: 26134.59375, clipped: 1.0
epoch: 10, train_batch_id: 100, avg_cost: 11640.6943359375
loss: -142.236025984356, grad norm: 29565.044921875, clipped: 1.0
epoch: 10, train_batch_id: 150, avg_cost: 12296.6484375
loss: -606.3867136774179, grad norm: 32439.341796875, clipped: 1.0
Finished epoch 10, took 00:02:09 s
####Saving model and state...
调用validate
Validating...
Validation overall avg_cost: 11229.90799913502 +- 31.501550733540117
Evaluating candidate model on evaluation dataset
Epoch 10 candidate mean 11182.641389027425, baseline epoch 9 mean 11532.224320714507, difference -349.58293168708224
p-value: 2.250463087708011e-27
Update baseline
Evaluating baseline model on evaluation dataset

Start train epoch 11, lr=0.0001 for run train_weadd_50_20260302T144822
Evaluating baseline on dataset...
开始train_epoch正式训练，总的 batch 大小: 200
Start training epoch 11...
epoch: 11, train_batch_id: 0, avg_cost: 11432.962890625
loss: 0.553271528537465, grad norm: 25964.740234375, clipped: 1.0
epoch: 11, train_batch_id: 50, avg_cost: 11061.703125
loss: 341.2644736359638, grad norm: 24261.525390625, clipped: 1.0
epoch: 11, train_batch_id: 100, avg_cost: 11394.0302734375
loss: -74.18190226077273, grad norm: 24462.8828125, clipped: 1.0
epoch: 11, train_batch_id: 150, avg_cost: 11870.71484375
loss: -236.41960646989207, grad norm: 30042.228515625, clipped: 1.0
Finished epoch 11, took 00:02:09 s
####Saving model and state...
调用validate
Validating...
Validation overall avg_cost: 11021.511949091553 +- 31.706843508285292
Evaluating candidate model on evaluation dataset
Epoch 11 candidate mean 11038.870582970601, baseline epoch 10 mean 11220.821404192087, difference -181.95082122148597
p-value: 7.117748675212923e-09
Update baseline
Evaluating baseline model on evaluation dataset

Start train epoch 12, lr=0.0001 for run train_weadd_50_20260302T144822
Evaluating baseline on dataset...
开始train_epoch正式训练，总的 batch 大小: 200
Start training epoch 12...
epoch: 12, train_batch_id: 0, avg_cost: 10923.4345703125
loss: -18.596060959284262, grad norm: 23496.98828125, clipped: 1.0
epoch: 12, train_batch_id: 50, avg_cost: 10221.9599609375
loss: 428.74644029439935, grad norm: 24629.982421875, clipped: 1.0
epoch: 12, train_batch_id: 100, avg_cost: 10349.2451171875
loss: 171.57362018665816, grad norm: 20821.5703125, clipped: 1.0
epoch: 12, train_batch_id: 150, avg_cost: 10721.2236328125
loss: 258.6235844669894, grad norm: 24518.02734375, clipped: 1.0
Finished epoch 12, took 00:02:08 s
####Saving model and state...
调用validate
Validating...
Validation overall avg_cost: 10569.671060815297 +- 29.920761781394056
Evaluating candidate model on evaluation dataset
Epoch 12 candidate mean 10576.157110357159, baseline epoch 11 mean 11007.632910784992, difference -431.47580042783375
p-value: 1.5411674425758198e-40
Update baseline
Evaluating baseline model on evaluation dataset

Start train epoch 13, lr=0.0001 for run train_weadd_50_20260302T144822
Evaluating baseline on dataset...
开始train_epoch正式训练，总的 batch 大小: 200
Start training epoch 13...
epoch: 13, train_batch_id: 0, avg_cost: 10663.19921875
loss: -248.231366654322, grad norm: 21602.9609375, clipped: 1.0
epoch: 13, train_batch_id: 50, avg_cost: 10528.646484375
loss: -0.8421892865654474, grad norm: 24811.23828125, clipped: 1.0
epoch: 13, train_batch_id: 100, avg_cost: 11028.0
loss: -137.49872475327913, grad norm: 24240.29296875, clipped: 1.0
epoch: 13, train_batch_id: 150, avg_cost: 11589.3974609375
loss: -577.0472878609871, grad norm: 26301.1171875, clipped: 1.0
Finished epoch 13, took 00:02:08 s
####Saving model and state...
调用validate
Validating...
Validation overall avg_cost: 10223.8213500673 +- 29.10526880881474
Evaluating candidate model on evaluation dataset
Epoch 13 candidate mean 10248.781077223877, baseline epoch 12 mean 10618.193295638863, difference -369.41221841498555
p-value: 1.1397783056253132e-34
Update baseline
Evaluating baseline model on evaluation dataset

Start train epoch 14, lr=0.0001 for run train_weadd_50_20260302T144822
Evaluating baseline on dataset...
开始train_epoch正式训练，总的 batch 大小: 200
Start training epoch 14...
epoch: 14, train_batch_id: 0, avg_cost: 11201.9287109375
loss: -593.4396508061924, grad norm: 20411.013671875, clipped: 1.0
epoch: 14, train_batch_id: 50, avg_cost: 10307.529296875
loss: 31.855246044781342, grad norm: 22774.634765625, clipped: 1.0
epoch: 14, train_batch_id: 100, avg_cost: 10816.51953125
loss: -324.13648087948536, grad norm: 23824.779296875, clipped: 1.0
epoch: 14, train_batch_id: 150, avg_cost: 11184.9736328125
loss: -415.8535120111053, grad norm: 23383.15234375, clipped: 1.0
Finished epoch 14, took 00:02:07 s
####Saving model and state...
调用validate
Validating...
Validation overall avg_cost: 10103.66527512466 +- 29.872603872395345
Evaluating candidate model on evaluation dataset
Epoch 14 candidate mean 10029.753024402246, baseline epoch 13 mean 10196.37120183092, difference -166.61817742867424
p-value: 7.589604530081432e-09
Update baseline
Evaluating baseline model on evaluation dataset

Start train epoch 15, lr=0.0001 for run train_weadd_50_20260302T144822
Evaluating baseline on dataset...
开始train_epoch正式训练，总的 batch 大小: 200
Start training epoch 15...
epoch: 15, train_batch_id: 0, avg_cost: 10373.642578125
loss: -514.9460910298992, grad norm: 19060.109375, clipped: 1.0
epoch: 15, train_batch_id: 50, avg_cost: 9440.0234375
loss: 249.51471443831826, grad norm: 23862.255859375, clipped: 1.0
epoch: 15, train_batch_id: 100, avg_cost: 11182.341796875
loss: -536.3100680437211, grad norm: 20436.943359375, clipped: 1.0
epoch: 15, train_batch_id: 150, avg_cost: 9933.7080078125
loss: -158.34706985167998, grad norm: 25693.39453125, clipped: 1.0
Finished epoch 15, took 00:02:06 s
####Saving model and state...
调用validate
Validating...
Validation overall avg_cost: 9990.773355284035 +- 29.18640914437743
Evaluating candidate model on evaluation dataset
Epoch 15 candidate mean 9941.843829597983, baseline epoch 14 mean 10042.210288127315, difference -100.3664585293318
p-value: 0.0004846345753737081
Update baseline
Evaluating baseline model on evaluation dataset

Start train epoch 16, lr=0.0001 for run train_weadd_50_20260302T144822
Evaluating baseline on dataset...
开始train_epoch正式训练，总的 batch 大小: 200
Start training epoch 16...
epoch: 16, train_batch_id: 0, avg_cost: 10598.6337890625
loss: -220.14178780881497, grad norm: 21289.986328125, clipped: 1.0
epoch: 16, train_batch_id: 50, avg_cost: 9679.791015625
loss: 38.478676582411694, grad norm: 20859.6875, clipped: 1.0
epoch: 16, train_batch_id: 100, avg_cost: 10095.07421875
loss: -104.81545520342692, grad norm: 23493.486328125, clipped: 1.0
epoch: 16, train_batch_id: 150, avg_cost: 10687.916015625
loss: -309.36522537169685, grad norm: 22866.91015625, clipped: 1.0
Finished epoch 16, took 00:02:06 s
####Saving model and state...
调用validate
Validating...
Validation overall avg_cost: 9560.208297861964 +- 27.938300624769575
Evaluating candidate model on evaluation dataset
Epoch 16 candidate mean 9577.967956067852, baseline epoch 15 mean 9911.140135377016, difference -333.17217930916377
p-value: 5.144306302782957e-29
Update baseline
Evaluating baseline model on evaluation dataset

Start train epoch 17, lr=0.0001 for run train_weadd_50_20260302T144822
Evaluating baseline on dataset...
开始train_epoch正式训练，总的 batch 大小: 200
Start training epoch 17...
epoch: 17, train_batch_id: 0, avg_cost: 9391.439453125
loss: 47.68560134004501, grad norm: 19217.189453125, clipped: 1.0
epoch: 17, train_batch_id: 50, avg_cost: 9808.0556640625
loss: 126.75842499384635, grad norm: 18919.0078125, clipped: 1.0
epoch: 17, train_batch_id: 100, avg_cost: 8929.9931640625
loss: 320.3451125751915, grad norm: 20525.5859375, clipped: 1.0
epoch: 17, train_batch_id: 150, avg_cost: 10616.328125
loss: -508.11512712397143, grad norm: 21527.787109375, clipped: 1.0
Finished epoch 17, took 00:02:06 s
####Saving model and state...
调用validate
Validating...
Validation overall avg_cost: 9534.811230191423 +- 28.21248772773543
Evaluating candidate model on evaluation dataset
Epoch 17 candidate mean 9526.842479615312, baseline epoch 16 mean 9582.89335497779, difference -56.05087536247811
p-value: 0.030806812140451858
Update baseline
Evaluating baseline model on evaluation dataset

Start train epoch 18, lr=0.0001 for run train_weadd_50_20260302T144822
Evaluating baseline on dataset...
开始train_epoch正式训练，总的 batch 大小: 200
Start training epoch 18...
epoch: 18, train_batch_id: 0, avg_cost: 10079.861328125
loss: -195.1194132405084, grad norm: 19603.05078125, clipped: 1.0
epoch: 18, train_batch_id: 50, avg_cost: 9685.755859375
loss: -34.71362313108057, grad norm: 22455.53125, clipped: 1.0
epoch: 18, train_batch_id: 100, avg_cost: 9886.01953125
loss: -154.13476186091026, grad norm: 22185.884765625, clipped: 1.0
epoch: 18, train_batch_id: 150, avg_cost: 9649.869140625
loss: -149.22816822990998, grad norm: 23282.8203125, clipped: 1.0
Finished epoch 18, took 00:02:05 s
####Saving model and state...
调用validate
Validating...
Validation overall avg_cost: 9237.817239577493 +- 27.38998004277535
Evaluating candidate model on evaluation dataset
Epoch 18 candidate mean 9211.719350410447, baseline epoch 17 mean 9513.130479860149, difference -301.41112944970155
p-value: 8.455826379900977e-25
Update baseline
Evaluating baseline model on evaluation dataset

Start train epoch 19, lr=0.0001 for run train_weadd_50_20260302T144822
Evaluating baseline on dataset...
开始train_epoch正式训练，总的 batch 大小: 200
Start training epoch 19...
epoch: 19, train_batch_id: 0, avg_cost: 9406.267578125
loss: -105.21228521197237, grad norm: 20262.306640625, clipped: 1.0
epoch: 19, train_batch_id: 50, avg_cost: 9524.81640625
loss: -59.82056537665153, grad norm: 24854.921875, clipped: 1.0
epoch: 19, train_batch_id: 100, avg_cost: 9332.318359375
loss: 76.48888167710984, grad norm: 19871.587890625, clipped: 1.0
epoch: 19, train_batch_id: 150, avg_cost: 9214.384765625
loss: -179.84272796123247, grad norm: 21523.2265625, clipped: 1.0
Finished epoch 19, took 00:02:05 s
####Saving model and state...
调用validate
Validating...
Validation overall avg_cost: 9092.276422682282 +- 25.69953356192397
Evaluating candidate model on evaluation dataset
Epoch 19 candidate mean 9093.816438577049, baseline epoch 18 mean 9243.59660774125, difference -149.78016916420165
p-value: 6.655278402231738e-08
Update baseline
Evaluating baseline model on evaluation dataset

Start train epoch 20, lr=0.0001 for run train_weadd_50_20260302T144822
Evaluating baseline on dataset...
开始train_epoch正式训练，总的 batch 大小: 200
Start training epoch 20...
epoch: 20, train_batch_id: 0, avg_cost: 8942.56640625
loss: 48.55772821351405, grad norm: 26120.89453125, clipped: 1.0
epoch: 20, train_batch_id: 50, avg_cost: 8611.94140625
loss: 114.99680542711225, grad norm: 18277.5625, clipped: 1.0
epoch: 20, train_batch_id: 100, avg_cost: 9424.04296875
loss: -77.03025366879956, grad norm: 19813.822265625, clipped: 1.0
epoch: 20, train_batch_id: 150, avg_cost: 8602.1103515625
loss: 192.96955223407878, grad norm: 20529.90234375, clipped: 1.0
Finished epoch 20, took 00:02:04 s
####Saving model and state...
调用validate
Validating...
Validation overall avg_cost: 8969.545177063314 +- 26.511458144718123
Evaluating candidate model on evaluation dataset
Epoch 20 candidate mean 8977.145581607705, baseline epoch 19 mean 9061.649970814962, difference -84.50438920725719
p-value: 0.0015831954742225028
Update baseline
Evaluating baseline model on evaluation dataset

Start train epoch 21, lr=0.0001 for run train_weadd_50_20260302T144822
Evaluating baseline on dataset...
开始train_epoch正式训练，总的 batch 大小: 200
Start training epoch 21...
epoch: 21, train_batch_id: 0, avg_cost: 8382.404296875
loss: 61.964330303122246, grad norm: 27294.048828125, clipped: 1.0
epoch: 21, train_batch_id: 50, avg_cost: 9657.9580078125
loss: -215.5103926420191, grad norm: 18988.556640625, clipped: 1.0
epoch: 21, train_batch_id: 100, avg_cost: 9195.453125
loss: 40.010023754913604, grad norm: 18402.30859375, clipped: 1.0
epoch: 21, train_batch_id: 150, avg_cost: 8288.75
loss: 320.04337985522244, grad norm: 17285.83984375, clipped: 1.0
Finished epoch 21, took 00:02:03 s
####Saving model and state...
调用validate
Validating...
Validation overall avg_cost: 8791.500155398831 +- 26.683726039588528
Evaluating candidate model on evaluation dataset
Epoch 21 candidate mean 8732.29721874171, baseline epoch 20 mean 8929.421501553186, difference -197.1242828114755
p-value: 5.761792494119899e-13
Update baseline
Evaluating baseline model on evaluation dataset

Start train epoch 22, lr=0.0001 for run train_weadd_50_20260302T144822
Evaluating baseline on dataset...
开始train_epoch正式训练，总的 batch 大小: 200
Start training epoch 22...
epoch: 22, train_batch_id: 0, avg_cost: 9094.3037109375
loss: -179.1369862682905, grad norm: 21426.1328125, clipped: 1.0
epoch: 22, train_batch_id: 50, avg_cost: 9215.7890625
loss: 16.938650706151677, grad norm: 21534.767578125, clipped: 1.0
epoch: 22, train_batch_id: 100, avg_cost: 9171.626953125
loss: -175.13755756094417, grad norm: 19363.224609375, clipped: 1.0
